Command line invocation:
    /Applications/Xcode.app/Contents/Developer/usr/bin/xcodebuild -scheme EasyRide -sdk iphonesimulator -destination "generic/platform=iOS Simulator" build

Build settings from command line:
    SDKROOT = iphonesimulator26.2

2026-01-09 16:31:12.492 xcodebuild[4676:1329662] [MT] IDERunDestination: Supported platforms for the buildables in the current scheme is empty.
ComputePackagePrebuildTargetDependencyGraph

Prepare packages

CreateBuildRequest

SendProjectDescription

CreateBuildOperation

ComputeTargetDependencyGraph
note: Building targets in dependency order
note: Target dependency graph (1 target)
    Target 'EasyRide' in project 'EasyRide' (no dependencies)

GatherProvisioningInputs

CreateBuildDescription

ExecuteExternalTool /Applications/Xcode.app/Contents/Developer/Toolchains/XcodeDefault.xctoolchain/usr/bin/clang -v -E -dM -isysroot /Applications/Xcode.app/Contents/Developer/Platforms/iPhoneSimulator.platform/Developer/SDKs/iPhoneSimulator26.2.sdk -x c -c /dev/null

ExecuteExternalTool /Applications/Xcode.app/Contents/Developer/usr/bin/actool --print-asset-tag-combinations --output-format xml1 /Users/timyu/Desktop/EasyRide_App/EasyRide/Assets.xcassets

ExecuteExternalTool /Applications/Xcode.app/Contents/Developer/usr/bin/actool --version --output-format xml1

ExecuteExternalTool /Applications/Xcode.app/Contents/Developer/Toolchains/XcodeDefault.xctoolchain/usr/bin/swiftc --version

ExecuteExternalTool /Applications/Xcode.app/Contents/Developer/Toolchains/XcodeDefault.xctoolchain/usr/bin/ld -version_details

Build description signature: f95165d40e28ea00111399636c852896
Build description path: /Users/timyu/Library/Developer/Xcode/DerivedData/EasyRide-beugqklueywnwjdnocpyhdzzhnze/Build/Intermediates.noindex/XCBuildData/f95165d40e28ea00111399636c852896.xcbuilddata
ClangStatCache /Applications/Xcode.app/Contents/Developer/Toolchains/XcodeDefault.xctoolchain/usr/bin/clang-stat-cache /Applications/Xcode.app/Contents/Developer/Platforms/iPhoneSimulator.platform/Developer/SDKs/iPhoneSimulator26.2.sdk /Users/timyu/Library/Developer/Xcode/DerivedData/SDKStatCaches.noindex/iphonesimulator26.2-23C53-7d00a8b37fbd7999ea79df8ebc024bf0.sdkstatcache
    cd /Users/timyu/Desktop/EasyRide_App/EasyRide.xcodeproj
    /Applications/Xcode.app/Contents/Developer/Toolchains/XcodeDefault.xctoolchain/usr/bin/clang-stat-cache /Applications/Xcode.app/Contents/Developer/Platforms/iPhoneSimulator.platform/Developer/SDKs/iPhoneSimulator26.2.sdk -o /Users/timyu/Library/Developer/Xcode/DerivedData/SDKStatCaches.noindex/iphonesimulator26.2-23C53-7d00a8b37fbd7999ea79df8ebc024bf0.sdkstatcache

ProcessInfoPlistFile /Users/timyu/Library/Developer/Xcode/DerivedData/EasyRide-beugqklueywnwjdnocpyhdzzhnze/Build/Products/Debug-iphonesimulator/EasyRide.app/Info.plist /Users/timyu/Library/Developer/Xcode/DerivedData/EasyRide-beugqklueywnwjdnocpyhdzzhnze/Build/Intermediates.noindex/EasyRide.build/Debug-iphonesimulator/EasyRide.build/empty-EasyRide.plist (in target 'EasyRide' from project 'EasyRide')
    cd /Users/timyu/Desktop/EasyRide_App
    builtin-infoPlistUtility /Users/timyu/Library/Developer/Xcode/DerivedData/EasyRide-beugqklueywnwjdnocpyhdzzhnze/Build/Intermediates.noindex/EasyRide.build/Debug-iphonesimulator/EasyRide.build/empty-EasyRide.plist -producttype com.apple.product-type.application -genpkginfo /Users/timyu/Library/Developer/Xcode/DerivedData/EasyRide-beugqklueywnwjdnocpyhdzzhnze/Build/Products/Debug-iphonesimulator/EasyRide.app/PkgInfo -expandbuildsettings -format binary -platform iphonesimulator -additionalcontentfile /Users/timyu/Library/Developer/Xcode/DerivedData/EasyRide-beugqklueywnwjdnocpyhdzzhnze/Build/Intermediates.noindex/EasyRide.build/Debug-iphonesimulator/EasyRide.build/assetcatalog_generated_info.plist -o /Users/timyu/Library/Developer/Xcode/DerivedData/EasyRide-beugqklueywnwjdnocpyhdzzhnze/Build/Products/Debug-iphonesimulator/EasyRide.app/Info.plist

SwiftDriver EasyRide normal arm64 com.apple.xcode.tools.swift.compiler (in target 'EasyRide' from project 'EasyRide')
    cd /Users/timyu/Desktop/EasyRide_App
    builtin-SwiftDriver -- /Applications/Xcode.app/Contents/Developer/Toolchains/XcodeDefault.xctoolchain/usr/bin/swiftc -module-name EasyRide -Onone -enforce-exclusivity\=checked @/Users/timyu/Library/Developer/Xcode/DerivedData/EasyRide-beugqklueywnwjdnocpyhdzzhnze/Build/Intermediates.noindex/EasyRide.build/Debug-iphonesimulator/EasyRide.build/Objects-normal/arm64/EasyRide.SwiftFileList -DDEBUG -enable-bare-slash-regex -enable-experimental-feature DebugDescriptionMacro -sdk /Applications/Xcode.app/Contents/Developer/Platforms/iPhoneSimulator.platform/Developer/SDKs/iPhoneSimulator26.2.sdk -target arm64-apple-ios18.0-simulator -g -module-cache-path /Users/timyu/Library/Developer/Xcode/DerivedData/ModuleCache.noindex -Xfrontend -serialize-debugging-options -profile-coverage-mapping -profile-generate -enable-testing -index-store-path /Users/timyu/Library/Developer/Xcode/DerivedData/EasyRide-beugqklueywnwjdnocpyhdzzhnze/Index.noindex/DataStore -Xcc -D_LIBCPP_HARDENING_MODE\=_LIBCPP_HARDENING_MODE_DEBUG -swift-version 5 -I /Users/timyu/Library/Developer/Xcode/DerivedData/EasyRide-beugqklueywnwjdnocpyhdzzhnze/Build/Products/Debug-iphonesimulator -F /Users/timyu/Library/Developer/Xcode/DerivedData/EasyRide-beugqklueywnwjdnocpyhdzzhnze/Build/Products/Debug-iphonesimulator -emit-localized-strings -emit-localized-strings-path /Users/timyu/Library/Developer/Xcode/DerivedData/EasyRide-beugqklueywnwjdnocpyhdzzhnze/Build/Intermediates.noindex/EasyRide.build/Debug-iphonesimulator/EasyRide.build/Objects-normal/arm64 -c -j8 -enable-batch-mode -incremental -Xcc -ivfsstatcache -Xcc /Users/timyu/Library/Developer/Xcode/DerivedData/SDKStatCaches.noindex/iphonesimulator26.2-23C53-7d00a8b37fbd7999ea79df8ebc024bf0.sdkstatcache -output-file-map /Users/timyu/Library/Developer/Xcode/DerivedData/EasyRide-beugqklueywnwjdnocpyhdzzhnze/Build/Intermediates.noindex/EasyRide.build/Debug-iphonesimulator/EasyRide.build/Objects-normal/arm64/EasyRide-OutputFileMap.json -use-frontend-parseable-output -save-temps -no-color-diagnostics -explicit-module-build -module-cache-path /Users/timyu/Library/Developer/Xcode/DerivedData/EasyRide-beugqklueywnwjdnocpyhdzzhnze/Build/Intermediates.noindex/SwiftExplicitPrecompiledModules -clang-scanner-module-cache-path /Users/timyu/Library/Developer/Xcode/DerivedData/ModuleCache.noindex -sdk-module-cache-path /Users/timyu/Library/Developer/Xcode/DerivedData/ModuleCache.noindex -serialize-diagnostics -emit-dependencies -emit-module -emit-module-path /Users/timyu/Library/Developer/Xcode/DerivedData/EasyRide-beugqklueywnwjdnocpyhdzzhnze/Build/Intermediates.noindex/EasyRide.build/Debug-iphonesimulator/EasyRide.build/Objects-normal/arm64/EasyRide.swiftmodule -validate-clang-modules-once -clang-build-session-file /Users/timyu/Library/Developer/Xcode/DerivedData/ModuleCache.noindex/Session.modulevalidation -Xcc -I/Users/timyu/Library/Developer/Xcode/DerivedData/EasyRide-beugqklueywnwjdnocpyhdzzhnze/Build/Intermediates.noindex/EasyRide.build/Debug-iphonesimulator/EasyRide.build/swift-overrides.hmap -emit-const-values -Xfrontend -const-gather-protocols-file -Xfrontend /Users/timyu/Library/Developer/Xcode/DerivedData/EasyRide-beugqklueywnwjdnocpyhdzzhnze/Build/Intermediates.noindex/EasyRide.build/Debug-iphonesimulator/EasyRide.build/Objects-normal/arm64/EasyRide_const_extract_protocols.json -Xcc -iquote -Xcc /Users/timyu/Library/Developer/Xcode/DerivedData/EasyRide-beugqklueywnwjdnocpyhdzzhnze/Build/Intermediates.noindex/EasyRide.build/Debug-iphonesimulator/EasyRide.build/EasyRide-generated-files.hmap -Xcc -I/Users/timyu/Library/Developer/Xcode/DerivedData/EasyRide-beugqklueywnwjdnocpyhdzzhnze/Build/Intermediates.noindex/EasyRide.build/Debug-iphonesimulator/EasyRide.build/EasyRide-own-target-headers.hmap -Xcc -I/Users/timyu/Library/Developer/Xcode/DerivedData/EasyRide-beugqklueywnwjdnocpyhdzzhnze/Build/Intermediates.noindex/EasyRide.build/Debug-iphonesimulator/EasyRide.build/EasyRide-all-target-headers.hmap -Xcc -iquote -Xcc /Users/timyu/Library/Developer/Xcode/DerivedData/EasyRide-beugqklueywnwjdnocpyhdzzhnze/Build/Intermediates.noindex/EasyRide.build/Debug-iphonesimulator/EasyRide.build/EasyRide-project-headers.hmap -Xcc -I/Users/timyu/Library/Developer/Xcode/DerivedData/EasyRide-beugqklueywnwjdnocpyhdzzhnze/Build/Products/Debug-iphonesimulator/include -Xcc -I/Users/timyu/Library/Developer/Xcode/DerivedData/EasyRide-beugqklueywnwjdnocpyhdzzhnze/Build/Intermediates.noindex/EasyRide.build/Debug-iphonesimulator/EasyRide.build/DerivedSources-normal/arm64 -Xcc -I/Users/timyu/Library/Developer/Xcode/DerivedData/EasyRide-beugqklueywnwjdnocpyhdzzhnze/Build/Intermediates.noindex/EasyRide.build/Debug-iphonesimulator/EasyRide.build/DerivedSources/arm64 -Xcc -I/Users/timyu/Library/Developer/Xcode/DerivedData/EasyRide-beugqklueywnwjdnocpyhdzzhnze/Build/Intermediates.noindex/EasyRide.build/Debug-iphonesimulator/EasyRide.build/DerivedSources -Xcc -DDEBUG\=1 -emit-objc-header -emit-objc-header-path /Users/timyu/Library/Developer/Xcode/DerivedData/EasyRide-beugqklueywnwjdnocpyhdzzhnze/Build/Intermediates.noindex/EasyRide.build/Debug-iphonesimulator/EasyRide.build/Objects-normal/arm64/EasyRide-Swift.h -working-directory /Users/timyu/Desktop/EasyRide_App -experimental-emit-module-separately -disable-cmo

SwiftDriver EasyRide normal x86_64 com.apple.xcode.tools.swift.compiler (in target 'EasyRide' from project 'EasyRide')
    cd /Users/timyu/Desktop/EasyRide_App
    builtin-SwiftDriver -- /Applications/Xcode.app/Contents/Developer/Toolchains/XcodeDefault.xctoolchain/usr/bin/swiftc -module-name EasyRide -Onone -enforce-exclusivity\=checked @/Users/timyu/Library/Developer/Xcode/DerivedData/EasyRide-beugqklueywnwjdnocpyhdzzhnze/Build/Intermediates.noindex/EasyRide.build/Debug-iphonesimulator/EasyRide.build/Objects-normal/x86_64/EasyRide.SwiftFileList -DDEBUG -enable-bare-slash-regex -enable-experimental-feature DebugDescriptionMacro -sdk /Applications/Xcode.app/Contents/Developer/Platforms/iPhoneSimulator.platform/Developer/SDKs/iPhoneSimulator26.2.sdk -target x86_64-apple-ios18.0-simulator -g -module-cache-path /Users/timyu/Library/Developer/Xcode/DerivedData/ModuleCache.noindex -Xfrontend -serialize-debugging-options -profile-coverage-mapping -profile-generate -enable-testing -index-store-path /Users/timyu/Library/Developer/Xcode/DerivedData/EasyRide-beugqklueywnwjdnocpyhdzzhnze/Index.noindex/DataStore -Xcc -D_LIBCPP_HARDENING_MODE\=_LIBCPP_HARDENING_MODE_DEBUG -swift-version 5 -I /Users/timyu/Library/Developer/Xcode/DerivedData/EasyRide-beugqklueywnwjdnocpyhdzzhnze/Build/Products/Debug-iphonesimulator -F /Users/timyu/Library/Developer/Xcode/DerivedData/EasyRide-beugqklueywnwjdnocpyhdzzhnze/Build/Products/Debug-iphonesimulator -emit-localized-strings -emit-localized-strings-path /Users/timyu/Library/Developer/Xcode/DerivedData/EasyRide-beugqklueywnwjdnocpyhdzzhnze/Build/Intermediates.noindex/EasyRide.build/Debug-iphonesimulator/EasyRide.build/Objects-normal/x86_64 -c -j8 -enable-batch-mode -incremental -Xcc -ivfsstatcache -Xcc /Users/timyu/Library/Developer/Xcode/DerivedData/SDKStatCaches.noindex/iphonesimulator26.2-23C53-7d00a8b37fbd7999ea79df8ebc024bf0.sdkstatcache -output-file-map /Users/timyu/Library/Developer/Xcode/DerivedData/EasyRide-beugqklueywnwjdnocpyhdzzhnze/Build/Intermediates.noindex/EasyRide.build/Debug-iphonesimulator/EasyRide.build/Objects-normal/x86_64/EasyRide-OutputFileMap.json -use-frontend-parseable-output -save-temps -no-color-diagnostics -explicit-module-build -module-cache-path /Users/timyu/Library/Developer/Xcode/DerivedData/EasyRide-beugqklueywnwjdnocpyhdzzhnze/Build/Intermediates.noindex/SwiftExplicitPrecompiledModules -clang-scanner-module-cache-path /Users/timyu/Library/Developer/Xcode/DerivedData/ModuleCache.noindex -sdk-module-cache-path /Users/timyu/Library/Developer/Xcode/DerivedData/ModuleCache.noindex -serialize-diagnostics -emit-dependencies -emit-module -emit-module-path /Users/timyu/Library/Developer/Xcode/DerivedData/EasyRide-beugqklueywnwjdnocpyhdzzhnze/Build/Intermediates.noindex/EasyRide.build/Debug-iphonesimulator/EasyRide.build/Objects-normal/x86_64/EasyRide.swiftmodule -validate-clang-modules-once -clang-build-session-file /Users/timyu/Library/Developer/Xcode/DerivedData/ModuleCache.noindex/Session.modulevalidation -Xcc -I/Users/timyu/Library/Developer/Xcode/DerivedData/EasyRide-beugqklueywnwjdnocpyhdzzhnze/Build/Intermediates.noindex/EasyRide.build/Debug-iphonesimulator/EasyRide.build/swift-overrides.hmap -emit-const-values -Xfrontend -const-gather-protocols-file -Xfrontend /Users/timyu/Library/Developer/Xcode/DerivedData/EasyRide-beugqklueywnwjdnocpyhdzzhnze/Build/Intermediates.noindex/EasyRide.build/Debug-iphonesimulator/EasyRide.build/Objects-normal/x86_64/EasyRide_const_extract_protocols.json -Xcc -iquote -Xcc /Users/timyu/Library/Developer/Xcode/DerivedData/EasyRide-beugqklueywnwjdnocpyhdzzhnze/Build/Intermediates.noindex/EasyRide.build/Debug-iphonesimulator/EasyRide.build/EasyRide-generated-files.hmap -Xcc -I/Users/timyu/Library/Developer/Xcode/DerivedData/EasyRide-beugqklueywnwjdnocpyhdzzhnze/Build/Intermediates.noindex/EasyRide.build/Debug-iphonesimulator/EasyRide.build/EasyRide-own-target-headers.hmap -Xcc -I/Users/timyu/Library/Developer/Xcode/DerivedData/EasyRide-beugqklueywnwjdnocpyhdzzhnze/Build/Intermediates.noindex/EasyRide.build/Debug-iphonesimulator/EasyRide.build/EasyRide-all-target-headers.hmap -Xcc -iquote -Xcc /Users/timyu/Library/Developer/Xcode/DerivedData/EasyRide-beugqklueywnwjdnocpyhdzzhnze/Build/Intermediates.noindex/EasyRide.build/Debug-iphonesimulator/EasyRide.build/EasyRide-project-headers.hmap -Xcc -I/Users/timyu/Library/Developer/Xcode/DerivedData/EasyRide-beugqklueywnwjdnocpyhdzzhnze/Build/Products/Debug-iphonesimulator/include -Xcc -I/Users/timyu/Library/Developer/Xcode/DerivedData/EasyRide-beugqklueywnwjdnocpyhdzzhnze/Build/Intermediates.noindex/EasyRide.build/Debug-iphonesimulator/EasyRide.build/DerivedSources-normal/x86_64 -Xcc -I/Users/timyu/Library/Developer/Xcode/DerivedData/EasyRide-beugqklueywnwjdnocpyhdzzhnze/Build/Intermediates.noindex/EasyRide.build/Debug-iphonesimulator/EasyRide.build/DerivedSources/x86_64 -Xcc -I/Users/timyu/Library/Developer/Xcode/DerivedData/EasyRide-beugqklueywnwjdnocpyhdzzhnze/Build/Intermediates.noindex/EasyRide.build/Debug-iphonesimulator/EasyRide.build/DerivedSources -Xcc -DDEBUG\=1 -emit-objc-header -emit-objc-header-path /Users/timyu/Library/Developer/Xcode/DerivedData/EasyRide-beugqklueywnwjdnocpyhdzzhnze/Build/Intermediates.noindex/EasyRide.build/Debug-iphonesimulator/EasyRide.build/Objects-normal/x86_64/EasyRide-Swift.h -working-directory /Users/timyu/Desktop/EasyRide_App -experimental-emit-module-separately -disable-cmo

SwiftEmitModule normal arm64 Emitting\ module\ for\ EasyRide (in target 'EasyRide' from project 'EasyRide')

EmitSwiftModule normal arm64 (in target 'EasyRide' from project 'EasyRide')
    cd /Users/timyu/Desktop/EasyRide_App
    
/Users/timyu/Desktop/EasyRide_App/EasyRide/Views/OrientationResponsiveDemo.swift:388:10: warning: previewInterfaceOrientation is ignored in a #Preview macro. Use the `traits` argument of the macro to provide the desired orientation, e.g. `.landscapeLeft`. (from macro 'Preview')
        .previewInterfaceOrientation(.landscapeLeft)
         ^

SwiftCompile normal arm64 Compiling\ OrderTrackingViewModel.swift /Users/timyu/Desktop/EasyRide_App/EasyRide/ViewModels/OrderTrackingViewModel.swift (in target 'EasyRide' from project 'EasyRide')

SwiftCompile normal arm64 /Users/timyu/Desktop/EasyRide_App/EasyRide/ViewModels/OrderTrackingViewModel.swift (in target 'EasyRide' from project 'EasyRide')
    cd /Users/timyu/Desktop/EasyRide_App
    
/Users/timyu/Desktop/EasyRide_App/EasyRide/ViewModels/OrderTrackingViewModel.swift:33:14: warning: capture of 'self' in a closure that outlives deinit; this is an error in the Swift 6 language mode
        Task { @MainActor in
             ^
/Users/timyu/Desktop/EasyRide_App/EasyRide/ViewModels/OrderTrackingViewModel.swift:135:37: warning: capture of 'self' with non-Sendable type 'OrderTrackingViewModel?' in a '@Sendable' closure
            Task { @MainActor [weak self] in
                                    ^
/Users/timyu/Desktop/EasyRide_App/EasyRide/ViewModels/OrderTrackingViewModel.swift:9:7: note: class 'OrderTrackingViewModel' does not conform to the 'Sendable' protocol
class OrderTrackingViewModel {
      ^
/Users/timyu/Desktop/EasyRide_App/EasyRide/ViewModels/OrderTrackingViewModel.swift:140:35: warning: capture of 'statusSequence' with non-Sendable type '[OrderStatus]' in a '@Sendable' closure
                if currentIndex < statusSequence.count {
                                  ^
/Users/timyu/Desktop/EasyRide_App/EasyRide/Models/Order.swift:146:13: note: consider making enum 'OrderStatus' conform to the 'Sendable' protocol
public enum OrderStatus: String, Codable, CaseIterable {
            ^
                                                      , Sendable
/Users/timyu/Desktop/EasyRide_App/EasyRide/ViewModels/OrderTrackingViewModel.swift:197:34: warning: capture of 'self' with non-Sendable type 'OrderTrackingViewModel?' in a '@Sendable' closure
                guard let self = self else {
                                 ^
/Users/timyu/Desktop/EasyRide_App/EasyRide/ViewModels/OrderTrackingViewModel.swift:9:7: note: class 'OrderTrackingViewModel' does not conform to the 'Sendable' protocol
class OrderTrackingViewModel {
      ^
/Users/timyu/Desktop/EasyRide_App/EasyRide/ViewModels/OrderTrackingViewModel.swift:215:23: warning: capture of 'self' with non-Sendable type 'OrderTrackingViewModel?' in a '@Sendable' closure
                await self?.refreshOrderStatus()
                      ^
/Users/timyu/Desktop/EasyRide_App/EasyRide/ViewModels/OrderTrackingViewModel.swift:9:7: note: class 'OrderTrackingViewModel' does not conform to the 'Sendable' protocol
class OrderTrackingViewModel {
      ^
/Users/timyu/Desktop/EasyRide_App/EasyRide/ViewModels/OrderTrackingViewModel.swift:224:19: warning: value 'orderId' was defined but never used; consider replacing with boolean test
        guard let orderId = currentOrder?.id else { return }
              ~~~~^~~~~~~~~~
              (                             ) != nil
/Users/timyu/Desktop/EasyRide_App/EasyRide/ViewModels/OrderTrackingViewModel.swift:229:23: warning: capture of 'self' with non-Sendable type 'OrderTrackingViewModel?' in a '@Sendable' closure
                await self?.updateDriverLocation()
                      ^
/Users/timyu/Desktop/EasyRide_App/EasyRide/ViewModels/OrderTrackingViewModel.swift:9:7: note: class 'OrderTrackingViewModel' does not conform to the 'Sendable' protocol
class OrderTrackingViewModel {
      ^

SwiftCompile normal x86_64 Compiling\ ValueAddedServicesView.swift /Users/timyu/Desktop/EasyRide_App/EasyRide/Views/ValueAddedServicesView.swift (in target 'EasyRide' from project 'EasyRide')

SwiftCompile normal x86_64 /Users/timyu/Desktop/EasyRide_App/EasyRide/Views/ValueAddedServicesView.swift (in target 'EasyRide' from project 'EasyRide')
    cd /Users/timyu/Desktop/EasyRide_App
    
/Users/timyu/Desktop/EasyRide_App/EasyRide/Views/OrientationResponsiveDemo.swift:388:10: warning: previewInterfaceOrientation is ignored in a #Preview macro. Use the `traits` argument of the macro to provide the desired orientation, e.g. `.landscapeLeft`. (from macro 'Preview')
        .previewInterfaceOrientation(.landscapeLeft)
         ^

SwiftEmitModule normal x86_64 Emitting\ module\ for\ EasyRide (in target 'EasyRide' from project 'EasyRide')

EmitSwiftModule normal x86_64 (in target 'EasyRide' from project 'EasyRide')
    cd /Users/timyu/Desktop/EasyRide_App
    
/Users/timyu/Desktop/EasyRide_App/EasyRide/Views/OrientationResponsiveDemo.swift:388:10: warning: previewInterfaceOrientation is ignored in a #Preview macro. Use the `traits` argument of the macro to provide the desired orientation, e.g. `.landscapeLeft`. (from macro 'Preview')
        .previewInterfaceOrientation(.landscapeLeft)
         ^

SwiftCompile normal x86_64 Compiling\ OrderTrackingViewModel.swift /Users/timyu/Desktop/EasyRide_App/EasyRide/ViewModels/OrderTrackingViewModel.swift (in target 'EasyRide' from project 'EasyRide')

SwiftCompile normal x86_64 /Users/timyu/Desktop/EasyRide_App/EasyRide/ViewModels/OrderTrackingViewModel.swift (in target 'EasyRide' from project 'EasyRide')
    cd /Users/timyu/Desktop/EasyRide_App
    
/Users/timyu/Desktop/EasyRide_App/EasyRide/ViewModels/OrderTrackingViewModel.swift:33:14: warning: capture of 'self' in a closure that outlives deinit; this is an error in the Swift 6 language mode
        Task { @MainActor in
             ^
/Users/timyu/Desktop/EasyRide_App/EasyRide/ViewModels/OrderTrackingViewModel.swift:135:37: warning: capture of 'self' with non-Sendable type 'OrderTrackingViewModel?' in a '@Sendable' closure
            Task { @MainActor [weak self] in
                                    ^
/Users/timyu/Desktop/EasyRide_App/EasyRide/ViewModels/OrderTrackingViewModel.swift:9:7: note: class 'OrderTrackingViewModel' does not conform to the 'Sendable' protocol
class OrderTrackingViewModel {
      ^
/Users/timyu/Desktop/EasyRide_App/EasyRide/ViewModels/OrderTrackingViewModel.swift:140:35: warning: capture of 'statusSequence' with non-Sendable type '[OrderStatus]' in a '@Sendable' closure
                if currentIndex < statusSequence.count {
                                  ^
/Users/timyu/Desktop/EasyRide_App/EasyRide/Models/Order.swift:146:13: note: consider making enum 'OrderStatus' conform to the 'Sendable' protocol
public enum OrderStatus: String, Codable, CaseIterable {
            ^
                                                      , Sendable
/Users/timyu/Desktop/EasyRide_App/EasyRide/ViewModels/OrderTrackingViewModel.swift:197:34: warning: capture of 'self' with non-Sendable type 'OrderTrackingViewModel?' in a '@Sendable' closure
                guard let self = self else {
                                 ^
/Users/timyu/Desktop/EasyRide_App/EasyRide/ViewModels/OrderTrackingViewModel.swift:9:7: note: class 'OrderTrackingViewModel' does not conform to the 'Sendable' protocol
class OrderTrackingViewModel {
      ^
/Users/timyu/Desktop/EasyRide_App/EasyRide/ViewModels/OrderTrackingViewModel.swift:215:23: warning: capture of 'self' with non-Sendable type 'OrderTrackingViewModel?' in a '@Sendable' closure
                await self?.refreshOrderStatus()
                      ^
/Users/timyu/Desktop/EasyRide_App/EasyRide/ViewModels/OrderTrackingViewModel.swift:9:7: note: class 'OrderTrackingViewModel' does not conform to the 'Sendable' protocol
class OrderTrackingViewModel {
      ^
/Users/timyu/Desktop/EasyRide_App/EasyRide/ViewModels/OrderTrackingViewModel.swift:224:19: warning: value 'orderId' was defined but never used; consider replacing with boolean test
        guard let orderId = currentOrder?.id else { return }
              ~~~~^~~~~~~~~~
              (                             ) != nil
/Users/timyu/Desktop/EasyRide_App/EasyRide/ViewModels/OrderTrackingViewModel.swift:229:23: warning: capture of 'self' with non-Sendable type 'OrderTrackingViewModel?' in a '@Sendable' closure
                await self?.updateDriverLocation()
                      ^
/Users/timyu/Desktop/EasyRide_App/EasyRide/ViewModels/OrderTrackingViewModel.swift:9:7: note: class 'OrderTrackingViewModel' does not conform to the 'Sendable' protocol
class OrderTrackingViewModel {
      ^

SwiftCompile normal x86_64 Compiling\ BookingViewModel.swift /Users/timyu/Desktop/EasyRide_App/EasyRide/ViewModels/BookingViewModel.swift (in target 'EasyRide' from project 'EasyRide')

SwiftCompile normal x86_64 /Users/timyu/Desktop/EasyRide_App/EasyRide/ViewModels/BookingViewModel.swift (in target 'EasyRide' from project 'EasyRide')
    cd /Users/timyu/Desktop/EasyRide_App
    

SwiftCompile normal x86_64 Compiling\ TripModeSettingsView.swift /Users/timyu/Desktop/EasyRide_App/EasyRide/Views/TripModeSettingsView.swift (in target 'EasyRide' from project 'EasyRide')

SwiftCompile normal x86_64 /Users/timyu/Desktop/EasyRide_App/EasyRide/Views/TripModeSettingsView.swift (in target 'EasyRide' from project 'EasyRide')
    cd /Users/timyu/Desktop/EasyRide_App
    
/Users/timyu/Desktop/EasyRide_App/EasyRide/Views/OrientationResponsiveDemo.swift:388:10: warning: previewInterfaceOrientation is ignored in a #Preview macro. Use the `traits` argument of the macro to provide the desired orientation, e.g. `.landscapeLeft`. (from macro 'Preview')
        .previewInterfaceOrientation(.landscapeLeft)
         ^

SwiftDriverJobDiscovery normal arm64 Compiling OrderTrackingViewModel.swift (in target 'EasyRide' from project 'EasyRide')

SwiftDriverJobDiscovery normal x86_64 Compiling OrderTrackingViewModel.swift (in target 'EasyRide' from project 'EasyRide')

SwiftDriverJobDiscovery normal x86_64 Compiling BookingViewModel.swift (in target 'EasyRide' from project 'EasyRide')

SwiftDriverJobDiscovery normal x86_64 Compiling TripModeSettingsView.swift (in target 'EasyRide' from project 'EasyRide')

SwiftCompile normal x86_64 Compiling\ ApplePaySetupView.swift,\ BootScreenView.swift,\ FavoriteDriversView.swift,\ HomeView.swift /Users/timyu/Desktop/EasyRide_App/EasyRide/Views/ApplePaySetupView.swift /Users/timyu/Desktop/EasyRide_App/EasyRide/Views/BootScreenView.swift /Users/timyu/Desktop/EasyRide_App/EasyRide/Views/FavoriteDriversView.swift /Users/timyu/Desktop/EasyRide_App/EasyRide/Views/HomeView.swift (in target 'EasyRide' from project 'EasyRide')
SwiftCompile normal x86_64 /Users/timyu/Desktop/EasyRide_App/EasyRide/Views/ApplePaySetupView.swift (in target 'EasyRide' from project 'EasyRide')
    cd /Users/timyu/Desktop/EasyRide_App
    
/Users/timyu/Desktop/EasyRide_App/EasyRide/Views/OrientationResponsiveDemo.swift:388:10: warning: previewInterfaceOrientation is ignored in a #Preview macro. Use the `traits` argument of the macro to provide the desired orientation, e.g. `.landscapeLeft`. (from macro 'Preview')
        .previewInterfaceOrientation(.landscapeLeft)
         ^

SwiftCompile normal x86_64 /Users/timyu/Desktop/EasyRide_App/EasyRide/Views/BootScreenView.swift (in target 'EasyRide' from project 'EasyRide')
    cd /Users/timyu/Desktop/EasyRide_App
    

SwiftCompile normal x86_64 /Users/timyu/Desktop/EasyRide_App/EasyRide/Views/FavoriteDriversView.swift (in target 'EasyRide' from project 'EasyRide')
    cd /Users/timyu/Desktop/EasyRide_App
    

SwiftCompile normal x86_64 /Users/timyu/Desktop/EasyRide_App/EasyRide/Views/HomeView.swift (in target 'EasyRide' from project 'EasyRide')
    cd /Users/timyu/Desktop/EasyRide_App
    

SwiftCompile normal x86_64 Compiling\ WalletView.swift,\ WeChatPaySetupView.swift,\ ContentView.swift /Users/timyu/Desktop/EasyRide_App/EasyRide/Views/WalletView.swift /Users/timyu/Desktop/EasyRide_App/EasyRide/Views/WeChatPaySetupView.swift /Users/timyu/Desktop/EasyRide_App/EasyRide/ContentView.swift (in target 'EasyRide' from project 'EasyRide')

SwiftCompile normal x86_64 /Users/timyu/Desktop/EasyRide_App/EasyRide/Views/WalletView.swift (in target 'EasyRide' from project 'EasyRide')
    cd /Users/timyu/Desktop/EasyRide_App
    
/Users/timyu/Desktop/EasyRide_App/EasyRide/Views/OrientationResponsiveDemo.swift:388:10: warning: previewInterfaceOrientation is ignored in a #Preview macro. Use the `traits` argument of the macro to provide the desired orientation, e.g. `.landscapeLeft`. (from macro 'Preview')
        .previewInterfaceOrientation(.landscapeLeft)
         ^

SwiftCompile normal x86_64 /Users/timyu/Desktop/EasyRide_App/EasyRide/Views/WeChatPaySetupView.swift (in target 'EasyRide' from project 'EasyRide')
    cd /Users/timyu/Desktop/EasyRide_App
    

SwiftCompile normal x86_64 /Users/timyu/Desktop/EasyRide_App/EasyRide/ContentView.swift (in target 'EasyRide' from project 'EasyRide')
    cd /Users/timyu/Desktop/EasyRide_App
    

SwiftCompile normal x86_64 Compiling\ SkeletonView.swift,\ AdaptiveLayoutDemoView.swift,\ AddFundsView.swift,\ AddPaymentMethodView.swift /Users/timyu/Desktop/EasyRide_App/EasyRide/Views/Components/SkeletonView.swift /Users/timyu/Desktop/EasyRide_App/EasyRide/Views/AdaptiveLayoutDemoView.swift /Users/timyu/Desktop/EasyRide_App/EasyRide/Views/AddFundsView.swift /Users/timyu/Desktop/EasyRide_App/EasyRide/Views/AddPaymentMethodView.swift (in target 'EasyRide' from project 'EasyRide')
SwiftCompile normal x86_64 /Users/timyu/Desktop/EasyRide_App/EasyRide/Views/Components/SkeletonView.swift (in target 'EasyRide' from project 'EasyRide')
    cd /Users/timyu/Desktop/EasyRide_App
    
/Users/timyu/Desktop/EasyRide_App/EasyRide/Views/OrientationResponsiveDemo.swift:388:10: warning: previewInterfaceOrientation is ignored in a #Preview macro. Use the `traits` argument of the macro to provide the desired orientation, e.g. `.landscapeLeft`. (from macro 'Preview')
        .previewInterfaceOrientation(.landscapeLeft)
         ^

SwiftCompile normal x86_64 /Users/timyu/Desktop/EasyRide_App/EasyRide/Views/AdaptiveLayoutDemoView.swift (in target 'EasyRide' from project 'EasyRide')
    cd /Users/timyu/Desktop/EasyRide_App
    

SwiftCompile normal x86_64 /Users/timyu/Desktop/EasyRide_App/EasyRide/Views/AddFundsView.swift (in target 'EasyRide' from project 'EasyRide')
    cd /Users/timyu/Desktop/EasyRide_App
    

SwiftCompile normal x86_64 /Users/timyu/Desktop/EasyRide_App/EasyRide/Views/AddPaymentMethodView.swift (in target 'EasyRide' from project 'EasyRide')
    cd /Users/timyu/Desktop/EasyRide_App
    

SwiftCompile normal x86_64 Compiling\ OrientationResponsiveDemo.swift,\ OrientationTestView.swift,\ PaymentMethodsView.swift /Users/timyu/Desktop/EasyRide_App/EasyRide/Views/OrientationResponsiveDemo.swift /Users/timyu/Desktop/EasyRide_App/EasyRide/Views/OrientationTestView.swift /Users/timyu/Desktop/EasyRide_App/EasyRide/Views/PaymentMethodsView.swift (in target 'EasyRide' from project 'EasyRide')
SwiftCompile normal x86_64 /Users/timyu/Desktop/EasyRide_App/EasyRide/Views/OrientationResponsiveDemo.swift (in target 'EasyRide' from project 'EasyRide')
    cd /Users/timyu/Desktop/EasyRide_App
    
/Users/timyu/Desktop/EasyRide_App/EasyRide/Views/OrientationResponsiveDemo.swift:388:10: warning: previewInterfaceOrientation is ignored in a #Preview macro. Use the `traits` argument of the macro to provide the desired orientation, e.g. `.landscapeLeft`. (from macro 'Preview')
        .previewInterfaceOrientation(.landscapeLeft)
         ^

SwiftCompile normal x86_64 /Users/timyu/Desktop/EasyRide_App/EasyRide/Views/OrientationTestView.swift (in target 'EasyRide' from project 'EasyRide')
    cd /Users/timyu/Desktop/EasyRide_App
    

SwiftCompile normal x86_64 /Users/timyu/Desktop/EasyRide_App/EasyRide/Views/PaymentMethodsView.swift (in target 'EasyRide' from project 'EasyRide')
    cd /Users/timyu/Desktop/EasyRide_App
    

SwiftCompile normal x86_64 Compiling\ LoginView.swift,\ OrderDetailView.swift,\ OrderSuccessDriverMatchingView.swift,\ OrderTrackingView.swift /Users/timyu/Desktop/EasyRide_App/EasyRide/Views/LoginView.swift /Users/timyu/Desktop/EasyRide_App/EasyRide/Views/OrderDetailView.swift /Users/timyu/Desktop/EasyRide_App/EasyRide/Views/OrderSuccessDriverMatchingView.swift /Users/timyu/Desktop/EasyRide_App/EasyRide/Views/OrderTrackingView.swift (in target 'EasyRide' from project 'EasyRide')

SwiftCompile normal x86_64 /Users/timyu/Desktop/EasyRide_App/EasyRide/Views/LoginView.swift (in target 'EasyRide' from project 'EasyRide')
    cd /Users/timyu/Desktop/EasyRide_App
    
/Users/timyu/Desktop/EasyRide_App/EasyRide/Views/OrientationResponsiveDemo.swift:388:10: warning: previewInterfaceOrientation is ignored in a #Preview macro. Use the `traits` argument of the macro to provide the desired orientation, e.g. `.landscapeLeft`. (from macro 'Preview')
        .previewInterfaceOrientation(.landscapeLeft)
         ^

SwiftCompile normal x86_64 /Users/timyu/Desktop/EasyRide_App/EasyRide/Views/OrderDetailView.swift (in target 'EasyRide' from project 'EasyRide')
    cd /Users/timyu/Desktop/EasyRide_App
    

SwiftCompile normal x86_64 /Users/timyu/Desktop/EasyRide_App/EasyRide/Views/OrderSuccessDriverMatchingView.swift (in target 'EasyRide' from project 'EasyRide')
    cd /Users/timyu/Desktop/EasyRide_App
    

SwiftCompile normal x86_64 /Users/timyu/Desktop/EasyRide_App/EasyRide/Views/OrderTrackingView.swift (in target 'EasyRide' from project 'EasyRide')
    cd /Users/timyu/Desktop/EasyRide_App
    

SwiftCompile normal x86_64 Compiling\ SettingsView.swift,\ TripConfigurationView.swift,\ ValueAddedServicesDemo.swift /Users/timyu/Desktop/EasyRide_App/EasyRide/Views/SettingsView.swift /Users/timyu/Desktop/EasyRide_App/EasyRide/Views/TripConfigurationView.swift /Users/timyu/Desktop/EasyRide_App/EasyRide/Views/ValueAddedServicesDemo.swift (in target 'EasyRide' from project 'EasyRide')

SwiftCompile normal x86_64 /Users/timyu/Desktop/EasyRide_App/EasyRide/Views/SettingsView.swift (in target 'EasyRide' from project 'EasyRide')
    cd /Users/timyu/Desktop/EasyRide_App
    
/Users/timyu/Desktop/EasyRide_App/EasyRide/Views/OrientationResponsiveDemo.swift:388:10: warning: previewInterfaceOrientation is ignored in a #Preview macro. Use the `traits` argument of the macro to provide the desired orientation, e.g. `.landscapeLeft`. (from macro 'Preview')
        .previewInterfaceOrientation(.landscapeLeft)
         ^

SwiftCompile normal x86_64 /Users/timyu/Desktop/EasyRide_App/EasyRide/Views/TripConfigurationView.swift (in target 'EasyRide' from project 'EasyRide')
    cd /Users/timyu/Desktop/EasyRide_App
    

SwiftCompile normal x86_64 /Users/timyu/Desktop/EasyRide_App/EasyRide/Views/ValueAddedServicesDemo.swift (in target 'EasyRide' from project 'EasyRide')
    cd /Users/timyu/Desktop/EasyRide_App
    

SwiftDriverJobDiscovery normal x86_64 Compiling ValueAddedServicesView.swift (in target 'EasyRide' from project 'EasyRide')

SwiftCompile normal x86_64 Compiling\ BookingViewModelUsage.swift,\ ResponsiveLayoutDemo.swift,\ ErrorRecoveryService.swift,\ PerformanceUtils.swift /Users/timyu/Desktop/EasyRide_App/EasyRide/Examples/BookingViewModelUsage.swift /Users/timyu/Desktop/EasyRide_App/EasyRide/Examples/ResponsiveLayoutDemo.swift /Users/timyu/Desktop/EasyRide_App/EasyRide/Services/ErrorRecoveryService.swift /Users/timyu/Desktop/EasyRide_App/EasyRide/Utils/PerformanceUtils.swift (in target 'EasyRide' from project 'EasyRide')
SwiftCompile normal x86_64 /Users/timyu/Desktop/EasyRide_App/EasyRide/Examples/BookingViewModelUsage.swift (in target 'EasyRide' from project 'EasyRide')
    cd /Users/timyu/Desktop/EasyRide_App
    
/Users/timyu/Desktop/EasyRide_App/EasyRide/Views/OrientationResponsiveDemo.swift:388:10: warning: previewInterfaceOrientation is ignored in a #Preview macro. Use the `traits` argument of the macro to provide the desired orientation, e.g. `.landscapeLeft`. (from macro 'Preview')
        .previewInterfaceOrientation(.landscapeLeft)
         ^

SwiftCompile normal x86_64 /Users/timyu/Desktop/EasyRide_App/EasyRide/Examples/ResponsiveLayoutDemo.swift (in target 'EasyRide' from project 'EasyRide')
    cd /Users/timyu/Desktop/EasyRide_App
    

SwiftCompile normal x86_64 /Users/timyu/Desktop/EasyRide_App/EasyRide/Services/ErrorRecoveryService.swift (in target 'EasyRide' from project 'EasyRide')
    cd /Users/timyu/Desktop/EasyRide_App
    
/Users/timyu/Desktop/EasyRide_App/EasyRide/Services/ErrorRecoveryService.swift:273:64: warning: result of call to 'retry()' is unused
                                    await errorRecoveryService.retry()
                                                               ^    ~~

SwiftCompile normal x86_64 /Users/timyu/Desktop/EasyRide_App/EasyRide/Utils/PerformanceUtils.swift (in target 'EasyRide' from project 'EasyRide')
    cd /Users/timyu/Desktop/EasyRide_App
    

SwiftDriverJobDiscovery normal x86_64 Emitting module for EasyRide (in target 'EasyRide' from project 'EasyRide')

SwiftDriver\ Compilation\ Requirements EasyRide normal x86_64 com.apple.xcode.tools.swift.compiler (in target 'EasyRide' from project 'EasyRide')
    cd /Users/timyu/Desktop/EasyRide_App
    builtin-Swift-Compilation-Requirements -- /Applications/Xcode.app/Contents/Developer/Toolchains/XcodeDefault.xctoolchain/usr/bin/swiftc -module-name EasyRide -Onone -enforce-exclusivity\=checked @/Users/timyu/Library/Developer/Xcode/DerivedData/EasyRide-beugqklueywnwjdnocpyhdzzhnze/Build/Intermediates.noindex/EasyRide.build/Debug-iphonesimulator/EasyRide.build/Objects-normal/x86_64/EasyRide.SwiftFileList -DDEBUG -enable-bare-slash-regex -enable-experimental-feature DebugDescriptionMacro -sdk /Applications/Xcode.app/Contents/Developer/Platforms/iPhoneSimulator.platform/Developer/SDKs/iPhoneSimulator26.2.sdk -target x86_64-apple-ios18.0-simulator -g -module-cache-path /Users/timyu/Library/Developer/Xcode/DerivedData/ModuleCache.noindex -Xfrontend -serialize-debugging-options -profile-coverage-mapping -profile-generate -enable-testing -index-store-path /Users/timyu/Library/Developer/Xcode/DerivedData/EasyRide-beugqklueywnwjdnocpyhdzzhnze/Index.noindex/DataStore -Xcc -D_LIBCPP_HARDENING_MODE\=_LIBCPP_HARDENING_MODE_DEBUG -swift-version 5 -I /Users/timyu/Library/Developer/Xcode/DerivedData/EasyRide-beugqklueywnwjdnocpyhdzzhnze/Build/Products/Debug-iphonesimulator -F /Users/timyu/Library/Developer/Xcode/DerivedData/EasyRide-beugqklueywnwjdnocpyhdzzhnze/Build/Products/Debug-iphonesimulator -emit-localized-strings -emit-localized-strings-path /Users/timyu/Library/Developer/Xcode/DerivedData/EasyRide-beugqklueywnwjdnocpyhdzzhnze/Build/Intermediates.noindex/EasyRide.build/Debug-iphonesimulator/EasyRide.build/Objects-normal/x86_64 -c -j8 -enable-batch-mode -incremental -Xcc -ivfsstatcache -Xcc /Users/timyu/Library/Developer/Xcode/DerivedData/SDKStatCaches.noindex/iphonesimulator26.2-23C53-7d00a8b37fbd7999ea79df8ebc024bf0.sdkstatcache -output-file-map /Users/timyu/Library/Developer/Xcode/DerivedData/EasyRide-beugqklueywnwjdnocpyhdzzhnze/Build/Intermediates.noindex/EasyRide.build/Debug-iphonesimulator/EasyRide.build/Objects-normal/x86_64/EasyRide-OutputFileMap.json -use-frontend-parseable-output -save-temps -no-color-diagnostics -explicit-module-build -module-cache-path /Users/timyu/Library/Developer/Xcode/DerivedData/EasyRide-beugqklueywnwjdnocpyhdzzhnze/Build/Intermediates.noindex/SwiftExplicitPrecompiledModules -clang-scanner-module-cache-path /Users/timyu/Library/Developer/Xcode/DerivedData/ModuleCache.noindex -sdk-module-cache-path /Users/timyu/Library/Developer/Xcode/DerivedData/ModuleCache.noindex -serialize-diagnostics -emit-dependencies -emit-module -emit-module-path /Users/timyu/Library/Developer/Xcode/DerivedData/EasyRide-beugqklueywnwjdnocpyhdzzhnze/Build/Intermediates.noindex/EasyRide.build/Debug-iphonesimulator/EasyRide.build/Objects-normal/x86_64/EasyRide.swiftmodule -validate-clang-modules-once -clang-build-session-file /Users/timyu/Library/Developer/Xcode/DerivedData/ModuleCache.noindex/Session.modulevalidation -Xcc -I/Users/timyu/Library/Developer/Xcode/DerivedData/EasyRide-beugqklueywnwjdnocpyhdzzhnze/Build/Intermediates.noindex/EasyRide.build/Debug-iphonesimulator/EasyRide.build/swift-overrides.hmap -emit-const-values -Xfrontend -const-gather-protocols-file -Xfrontend /Users/timyu/Library/Developer/Xcode/DerivedData/EasyRide-beugqklueywnwjdnocpyhdzzhnze/Build/Intermediates.noindex/EasyRide.build/Debug-iphonesimulator/EasyRide.build/Objects-normal/x86_64/EasyRide_const_extract_protocols.json -Xcc -iquote -Xcc /Users/timyu/Library/Developer/Xcode/DerivedData/EasyRide-beugqklueywnwjdnocpyhdzzhnze/Build/Intermediates.noindex/EasyRide.build/Debug-iphonesimulator/EasyRide.build/EasyRide-generated-files.hmap -Xcc -I/Users/timyu/Library/Developer/Xcode/DerivedData/EasyRide-beugqklueywnwjdnocpyhdzzhnze/Build/Intermediates.noindex/EasyRide.build/Debug-iphonesimulator/EasyRide.build/EasyRide-own-target-headers.hmap -Xcc -I/Users/timyu/Library/Developer/Xcode/DerivedData/EasyRide-beugqklueywnwjdnocpyhdzzhnze/Build/Intermediates.noindex/EasyRide.build/Debug-iphonesimulator/EasyRide.build/EasyRide-all-target-headers.hmap -Xcc -iquote -Xcc /Users/timyu/Library/Developer/Xcode/DerivedData/EasyRide-beugqklueywnwjdnocpyhdzzhnze/Build/Intermediates.noindex/EasyRide.build/Debug-iphonesimulator/EasyRide.build/EasyRide-project-headers.hmap -Xcc -I/Users/timyu/Library/Developer/Xcode/DerivedData/EasyRide-beugqklueywnwjdnocpyhdzzhnze/Build/Products/Debug-iphonesimulator/include -Xcc -I/Users/timyu/Library/Developer/Xcode/DerivedData/EasyRide-beugqklueywnwjdnocpyhdzzhnze/Build/Intermediates.noindex/EasyRide.build/Debug-iphonesimulator/EasyRide.build/DerivedSources-normal/x86_64 -Xcc -I/Users/timyu/Library/Developer/Xcode/DerivedData/EasyRide-beugqklueywnwjdnocpyhdzzhnze/Build/Intermediates.noindex/EasyRide.build/Debug-iphonesimulator/EasyRide.build/DerivedSources/x86_64 -Xcc -I/Users/timyu/Library/Developer/Xcode/DerivedData/EasyRide-beugqklueywnwjdnocpyhdzzhnze/Build/Intermediates.noindex/EasyRide.build/Debug-iphonesimulator/EasyRide.build/DerivedSources -Xcc -DDEBUG\=1 -emit-objc-header -emit-objc-header-path /Users/timyu/Library/Developer/Xcode/DerivedData/EasyRide-beugqklueywnwjdnocpyhdzzhnze/Build/Intermediates.noindex/EasyRide.build/Debug-iphonesimulator/EasyRide.build/Objects-normal/x86_64/EasyRide-Swift.h -working-directory /Users/timyu/Desktop/EasyRide_App -experimental-emit-module-separately -disable-cmo

SwiftDriverJobDiscovery normal arm64 Emitting module for EasyRide (in target 'EasyRide' from project 'EasyRide')

SwiftDriver\ Compilation\ Requirements EasyRide normal arm64 com.apple.xcode.tools.swift.compiler (in target 'EasyRide' from project 'EasyRide')
    cd /Users/timyu/Desktop/EasyRide_App
    builtin-Swift-Compilation-Requirements -- /Applications/Xcode.app/Contents/Developer/Toolchains/XcodeDefault.xctoolchain/usr/bin/swiftc -module-name EasyRide -Onone -enforce-exclusivity\=checked @/Users/timyu/Library/Developer/Xcode/DerivedData/EasyRide-beugqklueywnwjdnocpyhdzzhnze/Build/Intermediates.noindex/EasyRide.build/Debug-iphonesimulator/EasyRide.build/Objects-normal/arm64/EasyRide.SwiftFileList -DDEBUG -enable-bare-slash-regex -enable-experimental-feature DebugDescriptionMacro -sdk /Applications/Xcode.app/Contents/Developer/Platforms/iPhoneSimulator.platform/Developer/SDKs/iPhoneSimulator26.2.sdk -target arm64-apple-ios18.0-simulator -g -module-cache-path /Users/timyu/Library/Developer/Xcode/DerivedData/ModuleCache.noindex -Xfrontend -serialize-debugging-options -profile-coverage-mapping -profile-generate -enable-testing -index-store-path /Users/timyu/Library/Developer/Xcode/DerivedData/EasyRide-beugqklueywnwjdnocpyhdzzhnze/Index.noindex/DataStore -Xcc -D_LIBCPP_HARDENING_MODE\=_LIBCPP_HARDENING_MODE_DEBUG -swift-version 5 -I /Users/timyu/Library/Developer/Xcode/DerivedData/EasyRide-beugqklueywnwjdnocpyhdzzhnze/Build/Products/Debug-iphonesimulator -F /Users/timyu/Library/Developer/Xcode/DerivedData/EasyRide-beugqklueywnwjdnocpyhdzzhnze/Build/Products/Debug-iphonesimulator -emit-localized-strings -emit-localized-strings-path /Users/timyu/Library/Developer/Xcode/DerivedData/EasyRide-beugqklueywnwjdnocpyhdzzhnze/Build/Intermediates.noindex/EasyRide.build/Debug-iphonesimulator/EasyRide.build/Objects-normal/arm64 -c -j8 -enable-batch-mode -incremental -Xcc -ivfsstatcache -Xcc /Users/timyu/Library/Developer/Xcode/DerivedData/SDKStatCaches.noindex/iphonesimulator26.2-23C53-7d00a8b37fbd7999ea79df8ebc024bf0.sdkstatcache -output-file-map /Users/timyu/Library/Developer/Xcode/DerivedData/EasyRide-beugqklueywnwjdnocpyhdzzhnze/Build/Intermediates.noindex/EasyRide.build/Debug-iphonesimulator/EasyRide.build/Objects-normal/arm64/EasyRide-OutputFileMap.json -use-frontend-parseable-output -save-temps -no-color-diagnostics -explicit-module-build -module-cache-path /Users/timyu/Library/Developer/Xcode/DerivedData/EasyRide-beugqklueywnwjdnocpyhdzzhnze/Build/Intermediates.noindex/SwiftExplicitPrecompiledModules -clang-scanner-module-cache-path /Users/timyu/Library/Developer/Xcode/DerivedData/ModuleCache.noindex -sdk-module-cache-path /Users/timyu/Library/Developer/Xcode/DerivedData/ModuleCache.noindex -serialize-diagnostics -emit-dependencies -emit-module -emit-module-path /Users/timyu/Library/Developer/Xcode/DerivedData/EasyRide-beugqklueywnwjdnocpyhdzzhnze/Build/Intermediates.noindex/EasyRide.build/Debug-iphonesimulator/EasyRide.build/Objects-normal/arm64/EasyRide.swiftmodule -validate-clang-modules-once -clang-build-session-file /Users/timyu/Library/Developer/Xcode/DerivedData/ModuleCache.noindex/Session.modulevalidation -Xcc -I/Users/timyu/Library/Developer/Xcode/DerivedData/EasyRide-beugqklueywnwjdnocpyhdzzhnze/Build/Intermediates.noindex/EasyRide.build/Debug-iphonesimulator/EasyRide.build/swift-overrides.hmap -emit-const-values -Xfrontend -const-gather-protocols-file -Xfrontend /Users/timyu/Library/Developer/Xcode/DerivedData/EasyRide-beugqklueywnwjdnocpyhdzzhnze/Build/Intermediates.noindex/EasyRide.build/Debug-iphonesimulator/EasyRide.build/Objects-normal/arm64/EasyRide_const_extract_protocols.json -Xcc -iquote -Xcc /Users/timyu/Library/Developer/Xcode/DerivedData/EasyRide-beugqklueywnwjdnocpyhdzzhnze/Build/Intermediates.noindex/EasyRide.build/Debug-iphonesimulator/EasyRide.build/EasyRide-generated-files.hmap -Xcc -I/Users/timyu/Library/Developer/Xcode/DerivedData/EasyRide-beugqklueywnwjdnocpyhdzzhnze/Build/Intermediates.noindex/EasyRide.build/Debug-iphonesimulator/EasyRide.build/EasyRide-own-target-headers.hmap -Xcc -I/Users/timyu/Library/Developer/Xcode/DerivedData/EasyRide-beugqklueywnwjdnocpyhdzzhnze/Build/Intermediates.noindex/EasyRide.build/Debug-iphonesimulator/EasyRide.build/EasyRide-all-target-headers.hmap -Xcc -iquote -Xcc /Users/timyu/Library/Developer/Xcode/DerivedData/EasyRide-beugqklueywnwjdnocpyhdzzhnze/Build/Intermediates.noindex/EasyRide.build/Debug-iphonesimulator/EasyRide.build/EasyRide-project-headers.hmap -Xcc -I/Users/timyu/Library/Developer/Xcode/DerivedData/EasyRide-beugqklueywnwjdnocpyhdzzhnze/Build/Products/Debug-iphonesimulator/include -Xcc -I/Users/timyu/Library/Developer/Xcode/DerivedData/EasyRide-beugqklueywnwjdnocpyhdzzhnze/Build/Intermediates.noindex/EasyRide.build/Debug-iphonesimulator/EasyRide.build/DerivedSources-normal/arm64 -Xcc -I/Users/timyu/Library/Developer/Xcode/DerivedData/EasyRide-beugqklueywnwjdnocpyhdzzhnze/Build/Intermediates.noindex/EasyRide.build/Debug-iphonesimulator/EasyRide.build/DerivedSources/arm64 -Xcc -I/Users/timyu/Library/Developer/Xcode/DerivedData/EasyRide-beugqklueywnwjdnocpyhdzzhnze/Build/Intermediates.noindex/EasyRide.build/Debug-iphonesimulator/EasyRide.build/DerivedSources -Xcc -DDEBUG\=1 -emit-objc-header -emit-objc-header-path /Users/timyu/Library/Developer/Xcode/DerivedData/EasyRide-beugqklueywnwjdnocpyhdzzhnze/Build/Intermediates.noindex/EasyRide.build/Debug-iphonesimulator/EasyRide.build/Objects-normal/arm64/EasyRide-Swift.h -working-directory /Users/timyu/Desktop/EasyRide_App -experimental-emit-module-separately -disable-cmo

SwiftDriver\ Compilation EasyRide normal arm64 com.apple.xcode.tools.swift.compiler (in target 'EasyRide' from project 'EasyRide')
    cd /Users/timyu/Desktop/EasyRide_App
    builtin-Swift-Compilation -- /Applications/Xcode.app/Contents/Developer/Toolchains/XcodeDefault.xctoolchain/usr/bin/swiftc -module-name EasyRide -Onone -enforce-exclusivity\=checked @/Users/timyu/Library/Developer/Xcode/DerivedData/EasyRide-beugqklueywnwjdnocpyhdzzhnze/Build/Intermediates.noindex/EasyRide.build/Debug-iphonesimulator/EasyRide.build/Objects-normal/arm64/EasyRide.SwiftFileList -DDEBUG -enable-bare-slash-regex -enable-experimental-feature DebugDescriptionMacro -sdk /Applications/Xcode.app/Contents/Developer/Platforms/iPhoneSimulator.platform/Developer/SDKs/iPhoneSimulator26.2.sdk -target arm64-apple-ios18.0-simulator -g -module-cache-path /Users/timyu/Library/Developer/Xcode/DerivedData/ModuleCache.noindex -Xfrontend -serialize-debugging-options -profile-coverage-mapping -profile-generate -enable-testing -index-store-path /Users/timyu/Library/Developer/Xcode/DerivedData/EasyRide-beugqklueywnwjdnocpyhdzzhnze/Index.noindex/DataStore -Xcc -D_LIBCPP_HARDENING_MODE\=_LIBCPP_HARDENING_MODE_DEBUG -swift-version 5 -I /Users/timyu/Library/Developer/Xcode/DerivedData/EasyRide-beugqklueywnwjdnocpyhdzzhnze/Build/Products/Debug-iphonesimulator -F /Users/timyu/Library/Developer/Xcode/DerivedData/EasyRide-beugqklueywnwjdnocpyhdzzhnze/Build/Products/Debug-iphonesimulator -emit-localized-strings -emit-localized-strings-path /Users/timyu/Library/Developer/Xcode/DerivedData/EasyRide-beugqklueywnwjdnocpyhdzzhnze/Build/Intermediates.noindex/EasyRide.build/Debug-iphonesimulator/EasyRide.build/Objects-normal/arm64 -c -j8 -enable-batch-mode -incremental -Xcc -ivfsstatcache -Xcc /Users/timyu/Library/Developer/Xcode/DerivedData/SDKStatCaches.noindex/iphonesimulator26.2-23C53-7d00a8b37fbd7999ea79df8ebc024bf0.sdkstatcache -output-file-map /Users/timyu/Library/Developer/Xcode/DerivedData/EasyRide-beugqklueywnwjdnocpyhdzzhnze/Build/Intermediates.noindex/EasyRide.build/Debug-iphonesimulator/EasyRide.build/Objects-normal/arm64/EasyRide-OutputFileMap.json -use-frontend-parseable-output -save-temps -no-color-diagnostics -explicit-module-build -module-cache-path /Users/timyu/Library/Developer/Xcode/DerivedData/EasyRide-beugqklueywnwjdnocpyhdzzhnze/Build/Intermediates.noindex/SwiftExplicitPrecompiledModules -clang-scanner-module-cache-path /Users/timyu/Library/Developer/Xcode/DerivedData/ModuleCache.noindex -sdk-module-cache-path /Users/timyu/Library/Developer/Xcode/DerivedData/ModuleCache.noindex -serialize-diagnostics -emit-dependencies -emit-module -emit-module-path /Users/timyu/Library/Developer/Xcode/DerivedData/EasyRide-beugqklueywnwjdnocpyhdzzhnze/Build/Intermediates.noindex/EasyRide.build/Debug-iphonesimulator/EasyRide.build/Objects-normal/arm64/EasyRide.swiftmodule -validate-clang-modules-once -clang-build-session-file /Users/timyu/Library/Developer/Xcode/DerivedData/ModuleCache.noindex/Session.modulevalidation -Xcc -I/Users/timyu/Library/Developer/Xcode/DerivedData/EasyRide-beugqklueywnwjdnocpyhdzzhnze/Build/Intermediates.noindex/EasyRide.build/Debug-iphonesimulator/EasyRide.build/swift-overrides.hmap -emit-const-values -Xfrontend -const-gather-protocols-file -Xfrontend /Users/timyu/Library/Developer/Xcode/DerivedData/EasyRide-beugqklueywnwjdnocpyhdzzhnze/Build/Intermediates.noindex/EasyRide.build/Debug-iphonesimulator/EasyRide.build/Objects-normal/arm64/EasyRide_const_extract_protocols.json -Xcc -iquote -Xcc /Users/timyu/Library/Developer/Xcode/DerivedData/EasyRide-beugqklueywnwjdnocpyhdzzhnze/Build/Intermediates.noindex/EasyRide.build/Debug-iphonesimulator/EasyRide.build/EasyRide-generated-files.hmap -Xcc -I/Users/timyu/Library/Developer/Xcode/DerivedData/EasyRide-beugqklueywnwjdnocpyhdzzhnze/Build/Intermediates.noindex/EasyRide.build/Debug-iphonesimulator/EasyRide.build/EasyRide-own-target-headers.hmap -Xcc -I/Users/timyu/Library/Developer/Xcode/DerivedData/EasyRide-beugqklueywnwjdnocpyhdzzhnze/Build/Intermediates.noindex/EasyRide.build/Debug-iphonesimulator/EasyRide.build/EasyRide-all-target-headers.hmap -Xcc -iquote -Xcc /Users/timyu/Library/Developer/Xcode/DerivedData/EasyRide-beugqklueywnwjdnocpyhdzzhnze/Build/Intermediates.noindex/EasyRide.build/Debug-iphonesimulator/EasyRide.build/EasyRide-project-headers.hmap -Xcc -I/Users/timyu/Library/Developer/Xcode/DerivedData/EasyRide-beugqklueywnwjdnocpyhdzzhnze/Build/Products/Debug-iphonesimulator/include -Xcc -I/Users/timyu/Library/Developer/Xcode/DerivedData/EasyRide-beugqklueywnwjdnocpyhdzzhnze/Build/Intermediates.noindex/EasyRide.build/Debug-iphonesimulator/EasyRide.build/DerivedSources-normal/arm64 -Xcc -I/Users/timyu/Library/Developer/Xcode/DerivedData/EasyRide-beugqklueywnwjdnocpyhdzzhnze/Build/Intermediates.noindex/EasyRide.build/Debug-iphonesimulator/EasyRide.build/DerivedSources/arm64 -Xcc -I/Users/timyu/Library/Developer/Xcode/DerivedData/EasyRide-beugqklueywnwjdnocpyhdzzhnze/Build/Intermediates.noindex/EasyRide.build/Debug-iphonesimulator/EasyRide.build/DerivedSources -Xcc -DDEBUG\=1 -emit-objc-header -emit-objc-header-path /Users/timyu/Library/Developer/Xcode/DerivedData/EasyRide-beugqklueywnwjdnocpyhdzzhnze/Build/Intermediates.noindex/EasyRide.build/Debug-iphonesimulator/EasyRide.build/Objects-normal/arm64/EasyRide-Swift.h -working-directory /Users/timyu/Desktop/EasyRide_App -experimental-emit-module-separately -disable-cmo

SwiftMergeGeneratedHeaders /Users/timyu/Library/Developer/Xcode/DerivedData/EasyRide-beugqklueywnwjdnocpyhdzzhnze/Build/Intermediates.noindex/EasyRide.build/Debug-iphonesimulator/EasyRide.build/DerivedSources/EasyRide-Swift.h /Users/timyu/Library/Developer/Xcode/DerivedData/EasyRide-beugqklueywnwjdnocpyhdzzhnze/Build/Intermediates.noindex/EasyRide.build/Debug-iphonesimulator/EasyRide.build/Objects-normal/arm64/EasyRide-Swift.h /Users/timyu/Library/Developer/Xcode/DerivedData/EasyRide-beugqklueywnwjdnocpyhdzzhnze/Build/Intermediates.noindex/EasyRide.build/Debug-iphonesimulator/EasyRide.build/Objects-normal/x86_64/EasyRide-Swift.h (in target 'EasyRide' from project 'EasyRide')
    cd /Users/timyu/Desktop/EasyRide_App
    builtin-swiftHeaderTool -arch arm64 /Users/timyu/Library/Developer/Xcode/DerivedData/EasyRide-beugqklueywnwjdnocpyhdzzhnze/Build/Intermediates.noindex/EasyRide.build/Debug-iphonesimulator/EasyRide.build/Objects-normal/arm64/EasyRide-Swift.h -arch x86_64 /Users/timyu/Library/Developer/Xcode/DerivedData/EasyRide-beugqklueywnwjdnocpyhdzzhnze/Build/Intermediates.noindex/EasyRide.build/Debug-iphonesimulator/EasyRide.build/Objects-normal/x86_64/EasyRide-Swift.h -o /Users/timyu/Library/Developer/Xcode/DerivedData/EasyRide-beugqklueywnwjdnocpyhdzzhnze/Build/Intermediates.noindex/EasyRide.build/Debug-iphonesimulator/EasyRide.build/DerivedSources/EasyRide-Swift.h

Copy /Users/timyu/Library/Developer/Xcode/DerivedData/EasyRide-beugqklueywnwjdnocpyhdzzhnze/Build/Products/Debug-iphonesimulator/EasyRide.swiftmodule/x86_64-apple-ios-simulator.swiftmodule /Users/timyu/Library/Developer/Xcode/DerivedData/EasyRide-beugqklueywnwjdnocpyhdzzhnze/Build/Intermediates.noindex/EasyRide.build/Debug-iphonesimulator/EasyRide.build/Objects-normal/x86_64/EasyRide.swiftmodule (in target 'EasyRide' from project 'EasyRide')
    cd /Users/timyu/Desktop/EasyRide_App
    builtin-copy -exclude .DS_Store -exclude CVS -exclude .svn -exclude .git -exclude .hg -resolve-src-symlinks -rename /Users/timyu/Library/Developer/Xcode/DerivedData/EasyRide-beugqklueywnwjdnocpyhdzzhnze/Build/Intermediates.noindex/EasyRide.build/Debug-iphonesimulator/EasyRide.build/Objects-normal/x86_64/EasyRide.swiftmodule /Users/timyu/Library/Developer/Xcode/DerivedData/EasyRide-beugqklueywnwjdnocpyhdzzhnze/Build/Products/Debug-iphonesimulator/EasyRide.swiftmodule/x86_64-apple-ios-simulator.swiftmodule

Copy /Users/timyu/Library/Developer/Xcode/DerivedData/EasyRide-beugqklueywnwjdnocpyhdzzhnze/Build/Products/Debug-iphonesimulator/EasyRide.swiftmodule/x86_64-apple-ios-simulator.abi.json /Users/timyu/Library/Developer/Xcode/DerivedData/EasyRide-beugqklueywnwjdnocpyhdzzhnze/Build/Intermediates.noindex/EasyRide.build/Debug-iphonesimulator/EasyRide.build/Objects-normal/x86_64/EasyRide.abi.json (in target 'EasyRide' from project 'EasyRide')
    cd /Users/timyu/Desktop/EasyRide_App
    builtin-copy -exclude .DS_Store -exclude CVS -exclude .svn -exclude .git -exclude .hg -resolve-src-symlinks -rename /Users/timyu/Library/Developer/Xcode/DerivedData/EasyRide-beugqklueywnwjdnocpyhdzzhnze/Build/Intermediates.noindex/EasyRide.build/Debug-iphonesimulator/EasyRide.build/Objects-normal/x86_64/EasyRide.abi.json /Users/timyu/Library/Developer/Xcode/DerivedData/EasyRide-beugqklueywnwjdnocpyhdzzhnze/Build/Products/Debug-iphonesimulator/EasyRide.swiftmodule/x86_64-apple-ios-simulator.abi.json

Copy /Users/timyu/Library/Developer/Xcode/DerivedData/EasyRide-beugqklueywnwjdnocpyhdzzhnze/Build/Products/Debug-iphonesimulator/EasyRide.swiftmodule/arm64-apple-ios-simulator.swiftmodule /Users/timyu/Library/Developer/Xcode/DerivedData/EasyRide-beugqklueywnwjdnocpyhdzzhnze/Build/Intermediates.noindex/EasyRide.build/Debug-iphonesimulator/EasyRide.build/Objects-normal/arm64/EasyRide.swiftmodule (in target 'EasyRide' from project 'EasyRide')
    cd /Users/timyu/Desktop/EasyRide_App
    builtin-copy -exclude .DS_Store -exclude CVS -exclude .svn -exclude .git -exclude .hg -resolve-src-symlinks -rename /Users/timyu/Library/Developer/Xcode/DerivedData/EasyRide-beugqklueywnwjdnocpyhdzzhnze/Build/Intermediates.noindex/EasyRide.build/Debug-iphonesimulator/EasyRide.build/Objects-normal/arm64/EasyRide.swiftmodule /Users/timyu/Library/Developer/Xcode/DerivedData/EasyRide-beugqklueywnwjdnocpyhdzzhnze/Build/Products/Debug-iphonesimulator/EasyRide.swiftmodule/arm64-apple-ios-simulator.swiftmodule

Copy /Users/timyu/Library/Developer/Xcode/DerivedData/EasyRide-beugqklueywnwjdnocpyhdzzhnze/Build/Products/Debug-iphonesimulator/EasyRide.swiftmodule/arm64-apple-ios-simulator.swiftdoc /Users/timyu/Library/Developer/Xcode/DerivedData/EasyRide-beugqklueywnwjdnocpyhdzzhnze/Build/Intermediates.noindex/EasyRide.build/Debug-iphonesimulator/EasyRide.build/Objects-normal/arm64/EasyRide.swiftdoc (in target 'EasyRide' from project 'EasyRide')
    cd /Users/timyu/Desktop/EasyRide_App
    builtin-copy -exclude .DS_Store -exclude CVS -exclude .svn -exclude .git -exclude .hg -resolve-src-symlinks -rename /Users/timyu/Library/Developer/Xcode/DerivedData/EasyRide-beugqklueywnwjdnocpyhdzzhnze/Build/Intermediates.noindex/EasyRide.build/Debug-iphonesimulator/EasyRide.build/Objects-normal/arm64/EasyRide.swiftdoc /Users/timyu/Library/Developer/Xcode/DerivedData/EasyRide-beugqklueywnwjdnocpyhdzzhnze/Build/Products/Debug-iphonesimulator/EasyRide.swiftmodule/arm64-apple-ios-simulator.swiftdoc

Copy /Users/timyu/Library/Developer/Xcode/DerivedData/EasyRide-beugqklueywnwjdnocpyhdzzhnze/Build/Products/Debug-iphonesimulator/EasyRide.swiftmodule/arm64-apple-ios-simulator.abi.json /Users/timyu/Library/Developer/Xcode/DerivedData/EasyRide-beugqklueywnwjdnocpyhdzzhnze/Build/Intermediates.noindex/EasyRide.build/Debug-iphonesimulator/EasyRide.build/Objects-normal/arm64/EasyRide.abi.json (in target 'EasyRide' from project 'EasyRide')
    cd /Users/timyu/Desktop/EasyRide_App
    builtin-copy -exclude .DS_Store -exclude CVS -exclude .svn -exclude .git -exclude .hg -resolve-src-symlinks -rename /Users/timyu/Library/Developer/Xcode/DerivedData/EasyRide-beugqklueywnwjdnocpyhdzzhnze/Build/Intermediates.noindex/EasyRide.build/Debug-iphonesimulator/EasyRide.build/Objects-normal/arm64/EasyRide.abi.json /Users/timyu/Library/Developer/Xcode/DerivedData/EasyRide-beugqklueywnwjdnocpyhdzzhnze/Build/Products/Debug-iphonesimulator/EasyRide.swiftmodule/arm64-apple-ios-simulator.abi.json

Copy /Users/timyu/Library/Developer/Xcode/DerivedData/EasyRide-beugqklueywnwjdnocpyhdzzhnze/Build/Products/Debug-iphonesimulator/EasyRide.swiftmodule/Project/x86_64-apple-ios-simulator.swiftsourceinfo /Users/timyu/Library/Developer/Xcode/DerivedData/EasyRide-beugqklueywnwjdnocpyhdzzhnze/Build/Intermediates.noindex/EasyRide.build/Debug-iphonesimulator/EasyRide.build/Objects-normal/x86_64/EasyRide.swiftsourceinfo (in target 'EasyRide' from project 'EasyRide')
    cd /Users/timyu/Desktop/EasyRide_App
    builtin-copy -exclude .DS_Store -exclude CVS -exclude .svn -exclude .git -exclude .hg -resolve-src-symlinks -rename /Users/timyu/Library/Developer/Xcode/DerivedData/EasyRide-beugqklueywnwjdnocpyhdzzhnze/Build/Intermediates.noindex/EasyRide.build/Debug-iphonesimulator/EasyRide.build/Objects-normal/x86_64/EasyRide.swiftsourceinfo /Users/timyu/Library/Developer/Xcode/DerivedData/EasyRide-beugqklueywnwjdnocpyhdzzhnze/Build/Products/Debug-iphonesimulator/EasyRide.swiftmodule/Project/x86_64-apple-ios-simulator.swiftsourceinfo

Copy /Users/timyu/Library/Developer/Xcode/DerivedData/EasyRide-beugqklueywnwjdnocpyhdzzhnze/Build/Products/Debug-iphonesimulator/EasyRide.swiftmodule/Project/arm64-apple-ios-simulator.swiftsourceinfo /Users/timyu/Library/Developer/Xcode/DerivedData/EasyRide-beugqklueywnwjdnocpyhdzzhnze/Build/Intermediates.noindex/EasyRide.build/Debug-iphonesimulator/EasyRide.build/Objects-normal/arm64/EasyRide.swiftsourceinfo (in target 'EasyRide' from project 'EasyRide')
    cd /Users/timyu/Desktop/EasyRide_App
    builtin-copy -exclude .DS_Store -exclude CVS -exclude .svn -exclude .git -exclude .hg -resolve-src-symlinks -rename /Users/timyu/Library/Developer/Xcode/DerivedData/EasyRide-beugqklueywnwjdnocpyhdzzhnze/Build/Intermediates.noindex/EasyRide.build/Debug-iphonesimulator/EasyRide.build/Objects-normal/arm64/EasyRide.swiftsourceinfo /Users/timyu/Library/Developer/Xcode/DerivedData/EasyRide-beugqklueywnwjdnocpyhdzzhnze/Build/Products/Debug-iphonesimulator/EasyRide.swiftmodule/Project/arm64-apple-ios-simulator.swiftsourceinfo

SwiftCompile normal x86_64 Compiling\ RegistrationView.swift,\ ResponsiveTripConfigurationView.swift,\ ServiceSelectionView.swift /Users/timyu/Desktop/EasyRide_App/EasyRide/Views/RegistrationView.swift /Users/timyu/Desktop/EasyRide_App/EasyRide/Views/ResponsiveTripConfigurationView.swift /Users/timyu/Desktop/EasyRide_App/EasyRide/Views/ServiceSelectionView.swift (in target 'EasyRide' from project 'EasyRide')
SwiftCompile normal x86_64 /Users/timyu/Desktop/EasyRide_App/EasyRide/Views/RegistrationView.swift (in target 'EasyRide' from project 'EasyRide')
    cd /Users/timyu/Desktop/EasyRide_App
    
/Users/timyu/Desktop/EasyRide_App/EasyRide/Views/OrientationResponsiveDemo.swift:388:10: warning: previewInterfaceOrientation is ignored in a #Preview macro. Use the `traits` argument of the macro to provide the desired orientation, e.g. `.landscapeLeft`. (from macro 'Preview')
        .previewInterfaceOrientation(.landscapeLeft)
         ^

SwiftCompile normal x86_64 /Users/timyu/Desktop/EasyRide_App/EasyRide/Views/ResponsiveTripConfigurationView.swift (in target 'EasyRide' from project 'EasyRide')
    cd /Users/timyu/Desktop/EasyRide_App
    

SwiftCompile normal x86_64 /Users/timyu/Desktop/EasyRide_App/EasyRide/Views/ServiceSelectionView.swift (in target 'EasyRide' from project 'EasyRide')
    cd /Users/timyu/Desktop/EasyRide_App
    

SwiftDriverJobDiscovery normal x86_64 Compiling SettingsView.swift, TripConfigurationView.swift, ValueAddedServicesDemo.swift (in target 'EasyRide' from project 'EasyRide')

Ld /Users/timyu/Library/Developer/Xcode/DerivedData/EasyRide-beugqklueywnwjdnocpyhdzzhnze/Build/Intermediates.noindex/EasyRide.build/Debug-iphonesimulator/EasyRide.build/Objects-normal/arm64/Binary/EasyRide.debug.dylib normal arm64 (in target 'EasyRide' from project 'EasyRide')
    cd /Users/timyu/Desktop/EasyRide_App
    /Applications/Xcode.app/Contents/Developer/Toolchains/XcodeDefault.xctoolchain/usr/bin/clang -Xlinker -reproducible -target arm64-apple-ios18.0-simulator -dynamiclib -isysroot /Applications/Xcode.app/Contents/Developer/Platforms/iPhoneSimulator.platform/Developer/SDKs/iPhoneSimulator26.2.sdk -O0 -L/Users/timyu/Library/Developer/Xcode/DerivedData/EasyRide-beugqklueywnwjdnocpyhdzzhnze/Build/Intermediates.noindex/EagerLinkingTBDs/Debug-iphonesimulator -L/Users/timyu/Library/Developer/Xcode/DerivedData/EasyRide-beugqklueywnwjdnocpyhdzzhnze/Build/Products/Debug-iphonesimulator -F/Users/timyu/Library/Developer/Xcode/DerivedData/EasyRide-beugqklueywnwjdnocpyhdzzhnze/Build/Intermediates.noindex/EagerLinkingTBDs/Debug-iphonesimulator -F/Users/timyu/Library/Developer/Xcode/DerivedData/EasyRide-beugqklueywnwjdnocpyhdzzhnze/Build/Products/Debug-iphonesimulator -filelist /Users/timyu/Library/Developer/Xcode/DerivedData/EasyRide-beugqklueywnwjdnocpyhdzzhnze/Build/Intermediates.noindex/EasyRide.build/Debug-iphonesimulator/EasyRide.build/Objects-normal/arm64/EasyRide.LinkFileList -install_name @rpath/EasyRide.debug.dylib -Xlinker -rpath -Xlinker /usr/lib/swift -Xlinker -rpath -Xlinker @executable_path/Frameworks -dead_strip -Xlinker -object_path_lto -Xlinker /Users/timyu/Library/Developer/Xcode/DerivedData/EasyRide-beugqklueywnwjdnocpyhdzzhnze/Build/Intermediates.noindex/EasyRide.build/Debug-iphonesimulator/EasyRide.build/Objects-normal/arm64/EasyRide_lto.o -rdynamic -Xlinker -no_deduplicate -Xlinker -objc_abi_version -Xlinker 2 -Xlinker -debug_variant -Xlinker -dependency_info -Xlinker /Users/timyu/Library/Developer/Xcode/DerivedData/EasyRide-beugqklueywnwjdnocpyhdzzhnze/Build/Intermediates.noindex/EasyRide.build/Debug-iphonesimulator/EasyRide.build/Objects-normal/arm64/EasyRide_dependency_info.dat -fobjc-link-runtime -fprofile-instr-generate -L/Applications/Xcode.app/Contents/Developer/Toolchains/XcodeDefault.xctoolchain/usr/lib/swift/iphonesimulator -L/usr/lib/swift -Xlinker -add_ast_path -Xlinker /Users/timyu/Library/Developer/Xcode/DerivedData/EasyRide-beugqklueywnwjdnocpyhdzzhnze/Build/Intermediates.noindex/EasyRide.build/Debug-iphonesimulator/EasyRide.build/Objects-normal/arm64/EasyRide.swiftmodule @/Users/timyu/Library/Developer/Xcode/DerivedData/EasyRide-beugqklueywnwjdnocpyhdzzhnze/Build/Intermediates.noindex/EasyRide.build/Debug-iphonesimulator/EasyRide.build/Objects-normal/arm64/EasyRide-linker-args.resp -Xlinker -alias -Xlinker _main -Xlinker ___debug_main_executable_dylib_entry_point -Xlinker -no_adhoc_codesign -o /Users/timyu/Library/Developer/Xcode/DerivedData/EasyRide-beugqklueywnwjdnocpyhdzzhnze/Build/Intermediates.noindex/EasyRide.build/Debug-iphonesimulator/EasyRide.build/Objects-normal/arm64/Binary/EasyRide.debug.dylib

SwiftDriverJobDiscovery normal x86_64 Compiling WalletView.swift, WeChatPaySetupView.swift, ContentView.swift (in target 'EasyRide' from project 'EasyRide')

ConstructStubExecutorLinkFileList /Users/timyu/Library/Developer/Xcode/DerivedData/EasyRide-beugqklueywnwjdnocpyhdzzhnze/Build/Intermediates.noindex/EasyRide.build/Debug-iphonesimulator/EasyRide.build/EasyRide-ExecutorLinkFileList-normal-arm64.txt (in target 'EasyRide' from project 'EasyRide')
    cd /Users/timyu/Desktop/EasyRide_App
    construct-stub-executor-link-file-list /Users/timyu/Library/Developer/Xcode/DerivedData/EasyRide-beugqklueywnwjdnocpyhdzzhnze/Build/Intermediates.noindex/EasyRide.build/Debug-iphonesimulator/EasyRide.build/Objects-normal/arm64/Binary/EasyRide.debug.dylib /Applications/Xcode.app/Contents/Developer/Platforms/iPhoneSimulator.platform/Developer/usr/lib/libPreviewsJITStubExecutor_no_swift_entry_point.a /Applications/Xcode.app/Contents/Developer/Platforms/iPhoneSimulator.platform/Developer/usr/lib/libPreviewsJITStubExecutor.a --output /Users/timyu/Library/Developer/Xcode/DerivedData/EasyRide-beugqklueywnwjdnocpyhdzzhnze/Build/Intermediates.noindex/EasyRide.build/Debug-iphonesimulator/EasyRide.build/EasyRide-ExecutorLinkFileList-normal-arm64.txt
note: Using stub executor library with Swift entry point. (in target 'EasyRide' from project 'EasyRide')

Ld /Users/timyu/Library/Developer/Xcode/DerivedData/EasyRide-beugqklueywnwjdnocpyhdzzhnze/Build/Intermediates.noindex/EasyRide.build/Debug-iphonesimulator/EasyRide.build/Objects-normal/arm64/Binary/EasyRide normal arm64 (in target 'EasyRide' from project 'EasyRide')
    cd /Users/timyu/Desktop/EasyRide_App
    /Applications/Xcode.app/Contents/Developer/Toolchains/XcodeDefault.xctoolchain/usr/bin/clang -Xlinker -reproducible -target arm64-apple-ios18.0-simulator -isysroot /Applications/Xcode.app/Contents/Developer/Platforms/iPhoneSimulator.platform/Developer/SDKs/iPhoneSimulator26.2.sdk -O0 -L/Users/timyu/Library/Developer/Xcode/DerivedData/EasyRide-beugqklueywnwjdnocpyhdzzhnze/Build/Products/Debug-iphonesimulator -F/Users/timyu/Library/Developer/Xcode/DerivedData/EasyRide-beugqklueywnwjdnocpyhdzzhnze/Build/Products/Debug-iphonesimulator -Xlinker -rpath -Xlinker @executable_path -Xlinker -rpath -Xlinker @executable_path/Frameworks -rdynamic -Xlinker -no_deduplicate -Xlinker -objc_abi_version -Xlinker 2 -Xlinker -debug_variant -e ___debug_blank_executor_main -Xlinker -sectcreate -Xlinker __TEXT -Xlinker __debug_dylib -Xlinker /Users/timyu/Library/Developer/Xcode/DerivedData/EasyRide-beugqklueywnwjdnocpyhdzzhnze/Build/Intermediates.noindex/EasyRide.build/Debug-iphonesimulator/EasyRide.build/EasyRide-DebugDylibPath-normal-arm64.txt -Xlinker -sectcreate -Xlinker __TEXT -Xlinker __debug_instlnm -Xlinker /Users/timyu/Library/Developer/Xcode/DerivedData/EasyRide-beugqklueywnwjdnocpyhdzzhnze/Build/Intermediates.noindex/EasyRide.build/Debug-iphonesimulator/EasyRide.build/EasyRide-DebugDylibInstallName-normal-arm64.txt -Xlinker -filelist -Xlinker /Users/timyu/Library/Developer/Xcode/DerivedData/EasyRide-beugqklueywnwjdnocpyhdzzhnze/Build/Intermediates.noindex/EasyRide.build/Debug-iphonesimulator/EasyRide.build/EasyRide-ExecutorLinkFileList-normal-arm64.txt -Xlinker -sectcreate -Xlinker __TEXT -Xlinker __entitlements -Xlinker /Users/timyu/Library/Developer/Xcode/DerivedData/EasyRide-beugqklueywnwjdnocpyhdzzhnze/Build/Intermediates.noindex/EasyRide.build/Debug-iphonesimulator/EasyRide.build/EasyRide.app-Simulated.xcent -Xlinker -sectcreate -Xlinker __TEXT -Xlinker __ents_der -Xlinker /Users/timyu/Library/Developer/Xcode/DerivedData/EasyRide-beugqklueywnwjdnocpyhdzzhnze/Build/Intermediates.noindex/EasyRide.build/Debug-iphonesimulator/EasyRide.build/EasyRide.app-Simulated.xcent.der /Users/timyu/Library/Developer/Xcode/DerivedData/EasyRide-beugqklueywnwjdnocpyhdzzhnze/Build/Intermediates.noindex/EasyRide.build/Debug-iphonesimulator/EasyRide.build/Objects-normal/arm64/Binary/EasyRide.debug.dylib -Xlinker -no_adhoc_codesign -o /Users/timyu/Library/Developer/Xcode/DerivedData/EasyRide-beugqklueywnwjdnocpyhdzzhnze/Build/Intermediates.noindex/EasyRide.build/Debug-iphonesimulator/EasyRide.build/Objects-normal/arm64/Binary/EasyRide

SwiftDriverJobDiscovery normal x86_64 Compiling ApplePaySetupView.swift, BootScreenView.swift, FavoriteDriversView.swift, HomeView.swift (in target 'EasyRide' from project 'EasyRide')

SwiftDriverJobDiscovery normal x86_64 Compiling SkeletonView.swift, AdaptiveLayoutDemoView.swift, AddFundsView.swift, AddPaymentMethodView.swift (in target 'EasyRide' from project 'EasyRide')

SwiftDriverJobDiscovery normal x86_64 Compiling LoginView.swift, OrderDetailView.swift, OrderSuccessDriverMatchingView.swift, OrderTrackingView.swift (in target 'EasyRide' from project 'EasyRide')

SwiftDriverJobDiscovery normal x86_64 Compiling OrientationResponsiveDemo.swift, OrientationTestView.swift, PaymentMethodsView.swift (in target 'EasyRide' from project 'EasyRide')

SwiftDriverJobDiscovery normal x86_64 Compiling BookingViewModelUsage.swift, ResponsiveLayoutDemo.swift, ErrorRecoveryService.swift, PerformanceUtils.swift (in target 'EasyRide' from project 'EasyRide')

SwiftDriverJobDiscovery normal x86_64 Compiling RegistrationView.swift, ResponsiveTripConfigurationView.swift, ServiceSelectionView.swift (in target 'EasyRide' from project 'EasyRide')

SwiftDriver\ Compilation EasyRide normal x86_64 com.apple.xcode.tools.swift.compiler (in target 'EasyRide' from project 'EasyRide')
    cd /Users/timyu/Desktop/EasyRide_App
    builtin-Swift-Compilation -- /Applications/Xcode.app/Contents/Developer/Toolchains/XcodeDefault.xctoolchain/usr/bin/swiftc -module-name EasyRide -Onone -enforce-exclusivity\=checked @/Users/timyu/Library/Developer/Xcode/DerivedData/EasyRide-beugqklueywnwjdnocpyhdzzhnze/Build/Intermediates.noindex/EasyRide.build/Debug-iphonesimulator/EasyRide.build/Objects-normal/x86_64/EasyRide.SwiftFileList -DDEBUG -enable-bare-slash-regex -enable-experimental-feature DebugDescriptionMacro -sdk /Applications/Xcode.app/Contents/Developer/Platforms/iPhoneSimulator.platform/Developer/SDKs/iPhoneSimulator26.2.sdk -target x86_64-apple-ios18.0-simulator -g -module-cache-path /Users/timyu/Library/Developer/Xcode/DerivedData/ModuleCache.noindex -Xfrontend -serialize-debugging-options -profile-coverage-mapping -profile-generate -enable-testing -index-store-path /Users/timyu/Library/Developer/Xcode/DerivedData/EasyRide-beugqklueywnwjdnocpyhdzzhnze/Index.noindex/DataStore -Xcc -D_LIBCPP_HARDENING_MODE\=_LIBCPP_HARDENING_MODE_DEBUG -swift-version 5 -I /Users/timyu/Library/Developer/Xcode/DerivedData/EasyRide-beugqklueywnwjdnocpyhdzzhnze/Build/Products/Debug-iphonesimulator -F /Users/timyu/Library/Developer/Xcode/DerivedData/EasyRide-beugqklueywnwjdnocpyhdzzhnze/Build/Products/Debug-iphonesimulator -emit-localized-strings -emit-localized-strings-path /Users/timyu/Library/Developer/Xcode/DerivedData/EasyRide-beugqklueywnwjdnocpyhdzzhnze/Build/Intermediates.noindex/EasyRide.build/Debug-iphonesimulator/EasyRide.build/Objects-normal/x86_64 -c -j8 -enable-batch-mode -incremental -Xcc -ivfsstatcache -Xcc /Users/timyu/Library/Developer/Xcode/DerivedData/SDKStatCaches.noindex/iphonesimulator26.2-23C53-7d00a8b37fbd7999ea79df8ebc024bf0.sdkstatcache -output-file-map /Users/timyu/Library/Developer/Xcode/DerivedData/EasyRide-beugqklueywnwjdnocpyhdzzhnze/Build/Intermediates.noindex/EasyRide.build/Debug-iphonesimulator/EasyRide.build/Objects-normal/x86_64/EasyRide-OutputFileMap.json -use-frontend-parseable-output -save-temps -no-color-diagnostics -explicit-module-build -module-cache-path /Users/timyu/Library/Developer/Xcode/DerivedData/EasyRide-beugqklueywnwjdnocpyhdzzhnze/Build/Intermediates.noindex/SwiftExplicitPrecompiledModules -clang-scanner-module-cache-path /Users/timyu/Library/Developer/Xcode/DerivedData/ModuleCache.noindex -sdk-module-cache-path /Users/timyu/Library/Developer/Xcode/DerivedData/ModuleCache.noindex -serialize-diagnostics -emit-dependencies -emit-module -emit-module-path /Users/timyu/Library/Developer/Xcode/DerivedData/EasyRide-beugqklueywnwjdnocpyhdzzhnze/Build/Intermediates.noindex/EasyRide.build/Debug-iphonesimulator/EasyRide.build/Objects-normal/x86_64/EasyRide.swiftmodule -validate-clang-modules-once -clang-build-session-file /Users/timyu/Library/Developer/Xcode/DerivedData/ModuleCache.noindex/Session.modulevalidation -Xcc -I/Users/timyu/Library/Developer/Xcode/DerivedData/EasyRide-beugqklueywnwjdnocpyhdzzhnze/Build/Intermediates.noindex/EasyRide.build/Debug-iphonesimulator/EasyRide.build/swift-overrides.hmap -emit-const-values -Xfrontend -const-gather-protocols-file -Xfrontend /Users/timyu/Library/Developer/Xcode/DerivedData/EasyRide-beugqklueywnwjdnocpyhdzzhnze/Build/Intermediates.noindex/EasyRide.build/Debug-iphonesimulator/EasyRide.build/Objects-normal/x86_64/EasyRide_const_extract_protocols.json -Xcc -iquote -Xcc /Users/timyu/Library/Developer/Xcode/DerivedData/EasyRide-beugqklueywnwjdnocpyhdzzhnze/Build/Intermediates.noindex/EasyRide.build/Debug-iphonesimulator/EasyRide.build/EasyRide-generated-files.hmap -Xcc -I/Users/timyu/Library/Developer/Xcode/DerivedData/EasyRide-beugqklueywnwjdnocpyhdzzhnze/Build/Intermediates.noindex/EasyRide.build/Debug-iphonesimulator/EasyRide.build/EasyRide-own-target-headers.hmap -Xcc -I/Users/timyu/Library/Developer/Xcode/DerivedData/EasyRide-beugqklueywnwjdnocpyhdzzhnze/Build/Intermediates.noindex/EasyRide.build/Debug-iphonesimulator/EasyRide.build/EasyRide-all-target-headers.hmap -Xcc -iquote -Xcc /Users/timyu/Library/Developer/Xcode/DerivedData/EasyRide-beugqklueywnwjdnocpyhdzzhnze/Build/Intermediates.noindex/EasyRide.build/Debug-iphonesimulator/EasyRide.build/EasyRide-project-headers.hmap -Xcc -I/Users/timyu/Library/Developer/Xcode/DerivedData/EasyRide-beugqklueywnwjdnocpyhdzzhnze/Build/Products/Debug-iphonesimulator/include -Xcc -I/Users/timyu/Library/Developer/Xcode/DerivedData/EasyRide-beugqklueywnwjdnocpyhdzzhnze/Build/Intermediates.noindex/EasyRide.build/Debug-iphonesimulator/EasyRide.build/DerivedSources-normal/x86_64 -Xcc -I/Users/timyu/Library/Developer/Xcode/DerivedData/EasyRide-beugqklueywnwjdnocpyhdzzhnze/Build/Intermediates.noindex/EasyRide.build/Debug-iphonesimulator/EasyRide.build/DerivedSources/x86_64 -Xcc -I/Users/timyu/Library/Developer/Xcode/DerivedData/EasyRide-beugqklueywnwjdnocpyhdzzhnze/Build/Intermediates.noindex/EasyRide.build/Debug-iphonesimulator/EasyRide.build/DerivedSources -Xcc -DDEBUG\=1 -emit-objc-header -emit-objc-header-path /Users/timyu/Library/Developer/Xcode/DerivedData/EasyRide-beugqklueywnwjdnocpyhdzzhnze/Build/Intermediates.noindex/EasyRide.build/Debug-iphonesimulator/EasyRide.build/Objects-normal/x86_64/EasyRide-Swift.h -working-directory /Users/timyu/Desktop/EasyRide_App -experimental-emit-module-separately -disable-cmo

Ld /Users/timyu/Library/Developer/Xcode/DerivedData/EasyRide-beugqklueywnwjdnocpyhdzzhnze/Build/Intermediates.noindex/EasyRide.build/Debug-iphonesimulator/EasyRide.build/Objects-normal/x86_64/Binary/EasyRide.debug.dylib normal x86_64 (in target 'EasyRide' from project 'EasyRide')
    cd /Users/timyu/Desktop/EasyRide_App
    /Applications/Xcode.app/Contents/Developer/Toolchains/XcodeDefault.xctoolchain/usr/bin/clang -Xlinker -reproducible -target x86_64-apple-ios18.0-simulator -dynamiclib -isysroot /Applications/Xcode.app/Contents/Developer/Platforms/iPhoneSimulator.platform/Developer/SDKs/iPhoneSimulator26.2.sdk -O0 -L/Users/timyu/Library/Developer/Xcode/DerivedData/EasyRide-beugqklueywnwjdnocpyhdzzhnze/Build/Intermediates.noindex/EagerLinkingTBDs/Debug-iphonesimulator -L/Users/timyu/Library/Developer/Xcode/DerivedData/EasyRide-beugqklueywnwjdnocpyhdzzhnze/Build/Products/Debug-iphonesimulator -F/Users/timyu/Library/Developer/Xcode/DerivedData/EasyRide-beugqklueywnwjdnocpyhdzzhnze/Build/Intermediates.noindex/EagerLinkingTBDs/Debug-iphonesimulator -F/Users/timyu/Library/Developer/Xcode/DerivedData/EasyRide-beugqklueywnwjdnocpyhdzzhnze/Build/Products/Debug-iphonesimulator -filelist /Users/timyu/Library/Developer/Xcode/DerivedData/EasyRide-beugqklueywnwjdnocpyhdzzhnze/Build/Intermediates.noindex/EasyRide.build/Debug-iphonesimulator/EasyRide.build/Objects-normal/x86_64/EasyRide.LinkFileList -install_name @rpath/EasyRide.debug.dylib -Xlinker -rpath -Xlinker /usr/lib/swift -Xlinker -rpath -Xlinker @executable_path/Frameworks -dead_strip -Xlinker -object_path_lto -Xlinker /Users/timyu/Library/Developer/Xcode/DerivedData/EasyRide-beugqklueywnwjdnocpyhdzzhnze/Build/Intermediates.noindex/EasyRide.build/Debug-iphonesimulator/EasyRide.build/Objects-normal/x86_64/EasyRide_lto.o -rdynamic -Xlinker -no_deduplicate -Xlinker -objc_abi_version -Xlinker 2 -Xlinker -debug_variant -Xlinker -dependency_info -Xlinker /Users/timyu/Library/Developer/Xcode/DerivedData/EasyRide-beugqklueywnwjdnocpyhdzzhnze/Build/Intermediates.noindex/EasyRide.build/Debug-iphonesimulator/EasyRide.build/Objects-normal/x86_64/EasyRide_dependency_info.dat -fobjc-link-runtime -fprofile-instr-generate -L/Applications/Xcode.app/Contents/Developer/Toolchains/XcodeDefault.xctoolchain/usr/lib/swift/iphonesimulator -L/usr/lib/swift -Xlinker -add_ast_path -Xlinker /Users/timyu/Library/Developer/Xcode/DerivedData/EasyRide-beugqklueywnwjdnocpyhdzzhnze/Build/Intermediates.noindex/EasyRide.build/Debug-iphonesimulator/EasyRide.build/Objects-normal/x86_64/EasyRide.swiftmodule @/Users/timyu/Library/Developer/Xcode/DerivedData/EasyRide-beugqklueywnwjdnocpyhdzzhnze/Build/Intermediates.noindex/EasyRide.build/Debug-iphonesimulator/EasyRide.build/Objects-normal/x86_64/EasyRide-linker-args.resp -Xlinker -alias -Xlinker _main -Xlinker ___debug_main_executable_dylib_entry_point -Xlinker -no_adhoc_codesign -o /Users/timyu/Library/Developer/Xcode/DerivedData/EasyRide-beugqklueywnwjdnocpyhdzzhnze/Build/Intermediates.noindex/EasyRide.build/Debug-iphonesimulator/EasyRide.build/Objects-normal/x86_64/Binary/EasyRide.debug.dylib

CreateUniversalBinary /Users/timyu/Library/Developer/Xcode/DerivedData/EasyRide-beugqklueywnwjdnocpyhdzzhnze/Build/Products/Debug-iphonesimulator/EasyRide.app/EasyRide.debug.dylib normal arm64\ x86_64 (in target 'EasyRide' from project 'EasyRide')
    cd /Users/timyu/Desktop/EasyRide_App
    /Applications/Xcode.app/Contents/Developer/Toolchains/XcodeDefault.xctoolchain/usr/bin/lipo -create /Users/timyu/Library/Developer/Xcode/DerivedData/EasyRide-beugqklueywnwjdnocpyhdzzhnze/Build/Intermediates.noindex/EasyRide.build/Debug-iphonesimulator/EasyRide.build/Objects-normal/arm64/Binary/EasyRide.debug.dylib /Users/timyu/Library/Developer/Xcode/DerivedData/EasyRide-beugqklueywnwjdnocpyhdzzhnze/Build/Intermediates.noindex/EasyRide.build/Debug-iphonesimulator/EasyRide.build/Objects-normal/x86_64/Binary/EasyRide.debug.dylib -output /Users/timyu/Library/Developer/Xcode/DerivedData/EasyRide-beugqklueywnwjdnocpyhdzzhnze/Build/Products/Debug-iphonesimulator/EasyRide.app/EasyRide.debug.dylib

ConstructStubExecutorLinkFileList /Users/timyu/Library/Developer/Xcode/DerivedData/EasyRide-beugqklueywnwjdnocpyhdzzhnze/Build/Intermediates.noindex/EasyRide.build/Debug-iphonesimulator/EasyRide.build/EasyRide-ExecutorLinkFileList-normal-x86_64.txt (in target 'EasyRide' from project 'EasyRide')
    cd /Users/timyu/Desktop/EasyRide_App
    construct-stub-executor-link-file-list /Users/timyu/Library/Developer/Xcode/DerivedData/EasyRide-beugqklueywnwjdnocpyhdzzhnze/Build/Intermediates.noindex/EasyRide.build/Debug-iphonesimulator/EasyRide.build/Objects-normal/x86_64/Binary/EasyRide.debug.dylib /Applications/Xcode.app/Contents/Developer/Platforms/iPhoneSimulator.platform/Developer/usr/lib/libPreviewsJITStubExecutor_no_swift_entry_point.a /Applications/Xcode.app/Contents/Developer/Platforms/iPhoneSimulator.platform/Developer/usr/lib/libPreviewsJITStubExecutor.a --output /Users/timyu/Library/Developer/Xcode/DerivedData/EasyRide-beugqklueywnwjdnocpyhdzzhnze/Build/Intermediates.noindex/EasyRide.build/Debug-iphonesimulator/EasyRide.build/EasyRide-ExecutorLinkFileList-normal-x86_64.txt
note: Using stub executor library with Swift entry point. (in target 'EasyRide' from project 'EasyRide')

Ld /Users/timyu/Library/Developer/Xcode/DerivedData/EasyRide-beugqklueywnwjdnocpyhdzzhnze/Build/Intermediates.noindex/EasyRide.build/Debug-iphonesimulator/EasyRide.build/Objects-normal/x86_64/Binary/EasyRide normal x86_64 (in target 'EasyRide' from project 'EasyRide')
    cd /Users/timyu/Desktop/EasyRide_App
    /Applications/Xcode.app/Contents/Developer/Toolchains/XcodeDefault.xctoolchain/usr/bin/clang -Xlinker -reproducible -target x86_64-apple-ios18.0-simulator -isysroot /Applications/Xcode.app/Contents/Developer/Platforms/iPhoneSimulator.platform/Developer/SDKs/iPhoneSimulator26.2.sdk -O0 -L/Users/timyu/Library/Developer/Xcode/DerivedData/EasyRide-beugqklueywnwjdnocpyhdzzhnze/Build/Products/Debug-iphonesimulator -F/Users/timyu/Library/Developer/Xcode/DerivedData/EasyRide-beugqklueywnwjdnocpyhdzzhnze/Build/Products/Debug-iphonesimulator -Xlinker -rpath -Xlinker @executable_path -Xlinker -rpath -Xlinker @executable_path/Frameworks -rdynamic -Xlinker -no_deduplicate -Xlinker -objc_abi_version -Xlinker 2 -Xlinker -debug_variant -e ___debug_blank_executor_main -Xlinker -sectcreate -Xlinker __TEXT -Xlinker __debug_dylib -Xlinker /Users/timyu/Library/Developer/Xcode/DerivedData/EasyRide-beugqklueywnwjdnocpyhdzzhnze/Build/Intermediates.noindex/EasyRide.build/Debug-iphonesimulator/EasyRide.build/EasyRide-DebugDylibPath-normal-x86_64.txt -Xlinker -sectcreate -Xlinker __TEXT -Xlinker __debug_instlnm -Xlinker /Users/timyu/Library/Developer/Xcode/DerivedData/EasyRide-beugqklueywnwjdnocpyhdzzhnze/Build/Intermediates.noindex/EasyRide.build/Debug-iphonesimulator/EasyRide.build/EasyRide-DebugDylibInstallName-normal-x86_64.txt -Xlinker -filelist -Xlinker /Users/timyu/Library/Developer/Xcode/DerivedData/EasyRide-beugqklueywnwjdnocpyhdzzhnze/Build/Intermediates.noindex/EasyRide.build/Debug-iphonesimulator/EasyRide.build/EasyRide-ExecutorLinkFileList-normal-x86_64.txt -Xlinker -sectcreate -Xlinker __TEXT -Xlinker __entitlements -Xlinker /Users/timyu/Library/Developer/Xcode/DerivedData/EasyRide-beugqklueywnwjdnocpyhdzzhnze/Build/Intermediates.noindex/EasyRide.build/Debug-iphonesimulator/EasyRide.build/EasyRide.app-Simulated.xcent -Xlinker -sectcreate -Xlinker __TEXT -Xlinker __ents_der -Xlinker /Users/timyu/Library/Developer/Xcode/DerivedData/EasyRide-beugqklueywnwjdnocpyhdzzhnze/Build/Intermediates.noindex/EasyRide.build/Debug-iphonesimulator/EasyRide.build/EasyRide.app-Simulated.xcent.der /Users/timyu/Library/Developer/Xcode/DerivedData/EasyRide-beugqklueywnwjdnocpyhdzzhnze/Build/Intermediates.noindex/EasyRide.build/Debug-iphonesimulator/EasyRide.build/Objects-normal/x86_64/Binary/EasyRide.debug.dylib -Xlinker -no_adhoc_codesign -o /Users/timyu/Library/Developer/Xcode/DerivedData/EasyRide-beugqklueywnwjdnocpyhdzzhnze/Build/Intermediates.noindex/EasyRide.build/Debug-iphonesimulator/EasyRide.build/Objects-normal/x86_64/Binary/EasyRide

CreateUniversalBinary /Users/timyu/Library/Developer/Xcode/DerivedData/EasyRide-beugqklueywnwjdnocpyhdzzhnze/Build/Products/Debug-iphonesimulator/EasyRide.app/EasyRide normal arm64\ x86_64 (in target 'EasyRide' from project 'EasyRide')
    cd /Users/timyu/Desktop/EasyRide_App
    /Applications/Xcode.app/Contents/Developer/Toolchains/XcodeDefault.xctoolchain/usr/bin/lipo -create /Users/timyu/Library/Developer/Xcode/DerivedData/EasyRide-beugqklueywnwjdnocpyhdzzhnze/Build/Intermediates.noindex/EasyRide.build/Debug-iphonesimulator/EasyRide.build/Objects-normal/arm64/Binary/EasyRide /Users/timyu/Library/Developer/Xcode/DerivedData/EasyRide-beugqklueywnwjdnocpyhdzzhnze/Build/Intermediates.noindex/EasyRide.build/Debug-iphonesimulator/EasyRide.build/Objects-normal/x86_64/Binary/EasyRide -output /Users/timyu/Library/Developer/Xcode/DerivedData/EasyRide-beugqklueywnwjdnocpyhdzzhnze/Build/Products/Debug-iphonesimulator/EasyRide.app/EasyRide

CopySwiftLibs /Users/timyu/Library/Developer/Xcode/DerivedData/EasyRide-beugqklueywnwjdnocpyhdzzhnze/Build/Products/Debug-iphonesimulator/EasyRide.app (in target 'EasyRide' from project 'EasyRide')
    cd /Users/timyu/Desktop/EasyRide_App
    builtin-swiftStdLibTool --copy --verbose --sign - --scan-executable /Users/timyu/Library/Developer/Xcode/DerivedData/EasyRide-beugqklueywnwjdnocpyhdzzhnze/Build/Products/Debug-iphonesimulator/EasyRide.app/EasyRide.debug.dylib --scan-folder /Users/timyu/Library/Developer/Xcode/DerivedData/EasyRide-beugqklueywnwjdnocpyhdzzhnze/Build/Products/Debug-iphonesimulator/EasyRide.app/Frameworks --scan-folder /Users/timyu/Library/Developer/Xcode/DerivedData/EasyRide-beugqklueywnwjdnocpyhdzzhnze/Build/Products/Debug-iphonesimulator/EasyRide.app/PlugIns --scan-folder /Users/timyu/Library/Developer/Xcode/DerivedData/EasyRide-beugqklueywnwjdnocpyhdzzhnze/Build/Products/Debug-iphonesimulator/EasyRide.app/SystemExtensions --scan-folder /Users/timyu/Library/Developer/Xcode/DerivedData/EasyRide-beugqklueywnwjdnocpyhdzzhnze/Build/Products/Debug-iphonesimulator/EasyRide.app/Extensions --platform iphonesimulator --toolchain /Applications/Xcode.app/Contents/Developer/Toolchains/XcodeDefault.xctoolchain --destination /Users/timyu/Library/Developer/Xcode/DerivedData/EasyRide-beugqklueywnwjdnocpyhdzzhnze/Build/Products/Debug-iphonesimulator/EasyRide.app/Frameworks --strip-bitcode --strip-bitcode-tool /Applications/Xcode.app/Contents/Developer/Toolchains/XcodeDefault.xctoolchain/usr/bin/bitcode_strip --emit-dependency-info /Users/timyu/Library/Developer/Xcode/DerivedData/EasyRide-beugqklueywnwjdnocpyhdzzhnze/Build/Intermediates.noindex/EasyRide.build/Debug-iphonesimulator/EasyRide.build/SwiftStdLibToolInputDependencies.dep --filter-for-swift-os --back-deploy-swift-span

ExtractAppIntentsMetadata (in target 'EasyRide' from project 'EasyRide')
    cd /Users/timyu/Desktop/EasyRide_App
    /Applications/Xcode.app/Contents/Developer/Toolchains/XcodeDefault.xctoolchain/usr/bin/appintentsmetadataprocessor --toolchain-dir /Applications/Xcode.app/Contents/Developer/Toolchains/XcodeDefault.xctoolchain --module-name EasyRide --sdk-root /Applications/Xcode.app/Contents/Developer/Platforms/iPhoneSimulator.platform/Developer/SDKs/iPhoneSimulator26.2.sdk --xcode-version 17C52 --platform-family iOS --deployment-target 18.0 --bundle-identifier com.timyu.EasyRide --output /Users/timyu/Library/Developer/Xcode/DerivedData/EasyRide-beugqklueywnwjdnocpyhdzzhnze/Build/Products/Debug-iphonesimulator/EasyRide.app --target-triple arm64-apple-ios18.0-simulator --target-triple x86_64-apple-ios18.0-simulator --binary-file /Users/timyu/Library/Developer/Xcode/DerivedData/EasyRide-beugqklueywnwjdnocpyhdzzhnze/Build/Products/Debug-iphonesimulator/EasyRide.app/EasyRide --dependency-file /Users/timyu/Library/Developer/Xcode/DerivedData/EasyRide-beugqklueywnwjdnocpyhdzzhnze/Build/Intermediates.noindex/EasyRide.build/Debug-iphonesimulator/EasyRide.build/Objects-normal/arm64/EasyRide_dependency_info.dat --dependency-file /Users/timyu/Library/Developer/Xcode/DerivedData/EasyRide-beugqklueywnwjdnocpyhdzzhnze/Build/Intermediates.noindex/EasyRide.build/Debug-iphonesimulator/EasyRide.build/Objects-normal/x86_64/EasyRide_dependency_info.dat --stringsdata-file /Users/timyu/Library/Developer/Xcode/DerivedData/EasyRide-beugqklueywnwjdnocpyhdzzhnze/Build/Intermediates.noindex/EasyRide.build/Debug-iphonesimulator/EasyRide.build/Objects-normal/arm64/ExtractedAppShortcutsMetadata.stringsdata --stringsdata-file /Users/timyu/Library/Developer/Xcode/DerivedData/EasyRide-beugqklueywnwjdnocpyhdzzhnze/Build/Intermediates.noindex/EasyRide.build/Debug-iphonesimulator/EasyRide.build/Objects-normal/x86_64/ExtractedAppShortcutsMetadata.stringsdata --source-file-list /Users/timyu/Library/Developer/Xcode/DerivedData/EasyRide-beugqklueywnwjdnocpyhdzzhnze/Build/Intermediates.noindex/EasyRide.build/Debug-iphonesimulator/EasyRide.build/Objects-normal/arm64/EasyRide.SwiftFileList --source-file-list /Users/timyu/Library/Developer/Xcode/DerivedData/EasyRide-beugqklueywnwjdnocpyhdzzhnze/Build/Intermediates.noindex/EasyRide.build/Debug-iphonesimulator/EasyRide.build/Objects-normal/x86_64/EasyRide.SwiftFileList --metadata-file-list /Users/timyu/Library/Developer/Xcode/DerivedData/EasyRide-beugqklueywnwjdnocpyhdzzhnze/Build/Intermediates.noindex/EasyRide.build/Debug-iphonesimulator/EasyRide.build/EasyRide.DependencyMetadataFileList --static-metadata-file-list /Users/timyu/Library/Developer/Xcode/DerivedData/EasyRide-beugqklueywnwjdnocpyhdzzhnze/Build/Intermediates.noindex/EasyRide.build/Debug-iphonesimulator/EasyRide.build/EasyRide.DependencyStaticMetadataFileList --swift-const-vals-list /Users/timyu/Library/Developer/Xcode/DerivedData/EasyRide-beugqklueywnwjdnocpyhdzzhnze/Build/Intermediates.noindex/EasyRide.build/Debug-iphonesimulator/EasyRide.build/Objects-normal/arm64/EasyRide.SwiftConstValuesFileList --swift-const-vals-list /Users/timyu/Library/Developer/Xcode/DerivedData/EasyRide-beugqklueywnwjdnocpyhdzzhnze/Build/Intermediates.noindex/EasyRide.build/Debug-iphonesimulator/EasyRide.build/Objects-normal/x86_64/EasyRide.SwiftConstValuesFileList --compile-time-extraction --deployment-aware-processing --validate-assistant-intents --no-app-shortcuts-localization
2026-01-09 16:31:20.896 appintentsmetadataprocessor[4760:1330026] Starting appintentsmetadataprocessor export
2026-01-09 16:31:20.898 appintentsmetadataprocessor[4760:1330026] warning: Metadata extraction skipped. No AppIntents.framework dependency found.

CodeSign /Users/timyu/Library/Developer/Xcode/DerivedData/EasyRide-beugqklueywnwjdnocpyhdzzhnze/Build/Products/Debug-iphonesimulator/EasyRide.app/EasyRide.debug.dylib (in target 'EasyRide' from project 'EasyRide')
    cd /Users/timyu/Desktop/EasyRide_App
    
    Signing Identity:     "Sign to Run Locally"
    
    /usr/bin/codesign --force --sign - --timestamp\=none --generate-entitlement-der /Users/timyu/Library/Developer/Xcode/DerivedData/EasyRide-beugqklueywnwjdnocpyhdzzhnze/Build/Products/Debug-iphonesimulator/EasyRide.app/EasyRide.debug.dylib

CodeSign /Users/timyu/Library/Developer/Xcode/DerivedData/EasyRide-beugqklueywnwjdnocpyhdzzhnze/Build/Products/Debug-iphonesimulator/EasyRide.app/__preview.dylib (in target 'EasyRide' from project 'EasyRide')
    cd /Users/timyu/Desktop/EasyRide_App
    
    Signing Identity:     "Sign to Run Locally"
    
    /usr/bin/codesign --force --sign - --timestamp\=none --generate-entitlement-der /Users/timyu/Library/Developer/Xcode/DerivedData/EasyRide-beugqklueywnwjdnocpyhdzzhnze/Build/Products/Debug-iphonesimulator/EasyRide.app/__preview.dylib
/Users/timyu/Library/Developer/Xcode/DerivedData/EasyRide-beugqklueywnwjdnocpyhdzzhnze/Build/Products/Debug-iphonesimulator/EasyRide.app/__preview.dylib: replacing existing signature

CodeSign /Users/timyu/Library/Developer/Xcode/DerivedData/EasyRide-beugqklueywnwjdnocpyhdzzhnze/Build/Products/Debug-iphonesimulator/EasyRide.app (in target 'EasyRide' from project 'EasyRide')
    cd /Users/timyu/Desktop/EasyRide_App
    
    Signing Identity:     "Sign to Run Locally"
    
    /usr/bin/codesign --force --sign - --timestamp\=none --generate-entitlement-der /Users/timyu/Library/Developer/Xcode/DerivedData/EasyRide-beugqklueywnwjdnocpyhdzzhnze/Build/Products/Debug-iphonesimulator/EasyRide.app

Validate /Users/timyu/Library/Developer/Xcode/DerivedData/EasyRide-beugqklueywnwjdnocpyhdzzhnze/Build/Products/Debug-iphonesimulator/EasyRide.app (in target 'EasyRide' from project 'EasyRide')
    cd /Users/timyu/Desktop/EasyRide_App
    builtin-validationUtility /Users/timyu/Library/Developer/Xcode/DerivedData/EasyRide-beugqklueywnwjdnocpyhdzzhnze/Build/Products/Debug-iphonesimulator/EasyRide.app -shallow-bundle -infoplist-subpath Info.plist

** BUILD SUCCEEDED **

